Archive member included to satisfy reference by file (symbol)

C:/Users/BacTV/SimplicityStudio/SDKs/simplicity_sdk//platform/radio/rail_lib/autogen/librail_release/librail_efr32xg24_gcc_release.a(rail_rf.o)
                              ./main.o (symbol from plugin) (RAIL_ConfigEvents)
C:/Users/BacTV/SimplicityStudio/SDKs/simplicity_sdk//platform/radio/rail_lib/autogen/librail_release/librail_efr32xg24_gcc_release.a(rail_rx.o)
                              ./simplicity_sdk_2025.6.0/platform/service/legacy_hal/src/base-replacement.o (symbol from plugin) (RAIL_GetRadioEntropy)
C:/Users/BacTV/SimplicityStudio/SDKs/simplicity_sdk//platform/radio/rail_lib/autogen/librail_release/librail_efr32xg24_gcc_release.a(rail_tx.o)
                              ./simplicity_sdk_2025.6.0/platform/radio/rail_lib/plugin/pa-conversions/pa_conversions_efr32.o (symbol from plugin) (RAIL_SetTxPowerDbm)
C:/Users/BacTV/SimplicityStudio/SDKs/simplicity_sdk//platform/radio/rail_lib/autogen/librail_release/librail_efr32xg24_gcc_release.a(rail_data.o)
                              ./autogen/sl_rail_util_ieee802154_stack_event.o (symbol from plugin) (RAIL_GetRxPacketInfo)
C:/Users/BacTV/SimplicityStudio/SDKs/simplicity_sdk//platform/radio/rail_lib/autogen/librail_release/librail_efr32xg24_gcc_release.a(rail_assert.o)
                              C:/Users/BacTV/SimplicityStudio/SDKs/simplicity_sdk//platform/radio/rail_lib/autogen/librail_release/librail_efr32xg24_gcc_release.a(rail_rf.o) (sli_rail_205167ae842e22724c3f35c6430eeddb)
C:/Users/BacTV/SimplicityStudio/SDKs/simplicity_sdk//platform/radio/rail_lib/autogen/librail_release/librail_efr32xg24_gcc_release.a(rail_pti.o)
                              ./simplicity_sdk_2025.6.0/platform/radio/rail_lib/plugin/rail_util_pti/sl_rail_util_pti.o (symbol from plugin) (sl_rail_config_pti)
C:/Users/BacTV/SimplicityStudio/SDKs/simplicity_sdk//platform/radio/rail_lib/autogen/librail_release/librail_efr32xg24_gcc_release.a(rail_timer.o)
                              ./autogen/sl_rail_util_ieee802154_stack_event.o (symbol from plugin) (RAIL_GetTime)
C:/Users/BacTV/SimplicityStudio/SDKs/simplicity_sdk//platform/radio/rail_lib/autogen/librail_release/librail_efr32xg24_gcc_release.a(rail_features.o)
                              ./simplicity_sdk_2025.6.0/platform/radio/rail_lib/plugin/pa-conversions/pa_conversions_efr32.o (symbol from plugin) (RAIL_SupportsTxPowerModeAlt)
C:/Users/BacTV/SimplicityStudio/SDKs/simplicity_sdk//platform/radio/rail_lib/autogen/librail_release/librail_efr32xg24_gcc_release.a(tmrdrv.o)
                              C:/Users/BacTV/SimplicityStudio/SDKs/simplicity_sdk//platform/radio/rail_lib/autogen/librail_release/librail_efr32xg24_gcc_release.a(rail_timer.o) (sli_rail_03a02e949ccb07bdf2c116a95bc1063d)
C:/Users/BacTV/SimplicityStudio/SDKs/simplicity_sdk//platform/radio/rail_lib/autogen/librail_release/librail_efr32xg24_gcc_release.a(tmrdrv_config.o)
                              C:/Users/BacTV/SimplicityStudio/SDKs/simplicity_sdk//platform/radio/rail_lib/autogen/librail_release/librail_efr32xg24_gcc_release.a(tmrdrv.o) (sli_rail_47ca1afb9bdf7beb1cf53c552f662e9e)
C:/Users/BacTV/SimplicityStudio/SDKs/simplicity_sdk//platform/radio/rail_lib/autogen/librail_release/librail_efr32xg24_gcc_release.a(pa_auto_mode.o)
                              C:/Users/BacTV/SimplicityStudio/SDKs/simplicity_sdk//platform/radio/rail_lib/autogen/librail_release/librail_efr32xg24_gcc_release.a(rail_tx.o) (RAILCb_PaAutoModeDecision)
C:/Users/BacTV/SimplicityStudio/SDKs/simplicity_sdk//platform/radio/rail_lib/autogen/librail_release/librail_efr32xg24_gcc_release.a(rail_ieee802154.o)
                              ./simplicity_sdk_2025.6.0/protocol/zigbee/app/framework/cli/core-cli.o (symbol from plugin) (sl_rail_ieee802154_get_phy_id)
C:/Users/BacTV/SimplicityStudio/SDKs/simplicity_sdk//platform/radio/rail_lib/autogen/librail_release/librail_efr32xg24_gcc_release.a(rail_ble.o)
                              C:/Users/BacTV/SimplicityStudio/SDKs/simplicity_sdk//platform/radio/rail_lib/autogen/librail_release/librail_efr32xg24_gcc_release.a(rail_tx.o) (sl_rail_ble_is_enabled)
C:/Users/BacTV/SimplicityStudio/SDKs/simplicity_sdk//platform/radio/rail_lib/autogen/librail_release/librail_efr32xg24_gcc_release.a(rail_power_manager.o)
                              C:/Users/BacTV/SimplicityStudio/SDKs/simplicity_sdk//platform/radio/rail_lib/autogen/librail_release/librail_efr32xg24_gcc_release.a(rail_rf.o) (sli_rail_e249e111bd82b72456bdb4a8b657bbcc)
C:/Users/BacTV/SimplicityStudio/SDKs/simplicity_sdk//platform/radio/rail_lib/autogen/librail_release/librail_efr32xg24_gcc_release.a(rail_user_sequencer.o)
                              ./simplicity_sdk_2025.6.0/platform/radio/rail_lib/plugin/rail_util_sequencer/sl_rail_util_sequencer.o (symbol from plugin) (sl_rail_load_sequencer_image_0)
[...]
Memory Configuration

Name             Origin             Length             Attributes
FLASH            0x08000000         0x0017e000         xr
RAM              0x20000000         0x00040000         xrw
*default*        0x00000000         0xffffffff

Linker script and memory map

LOAD c:/siliconlabs/simplicitystudio/v5/developer/toolchains/gnu_arm/12.2.rel1_2023.7/bin/../lib/gcc/arm-none-eabi/12.2.1/thumb/v8-m.main+fp/hard/crti.o
LOAD c:/siliconlabs/simplicitystudio/v5/developer/toolchains/gnu_arm/12.2.rel1_2023.7/bin/../lib/gcc/arm-none-eabi/12.2.1/thumb/v8-m.main+fp/hard/crtbegin.o
LOAD c:/siliconlabs/simplicitystudio/v5/developer/toolchains/gnu_arm/12.2.rel1_2023.7/bin/../lib/gcc/arm-none-eabi/12.2.1/thumb/v8-m.main+fp/hard/crt0.o
START GROUP
LOAD ./app.o
LOAD C:\Users\BacTV\AppData\Local\Temp\ccqRwfPe.ltrans0.ltrans.o
LOAD C:\Users\BacTV\AppData\Local\Temp\ccqRwfPe.ltrans1.ltrans.o
LOAD C:\Users\BacTV\AppData\Local\Temp\ccqRwfPe.ltrans2.ltrans.o
LOAD C:\Users\BacTV\AppData\Local\Temp\ccqRwfPe.ltrans3.ltrans.o
LOAD C:\Users\BacTV\AppData\Local\Temp\ccqRwfPe.ltrans4.ltrans.o
LOAD C:\Users\BacTV\AppData\Local\Temp\ccqRwfPe.ltrans5.ltrans.o
LOAD C:\Users\BacTV\AppData\Local\Temp\ccv67tU9.debug.temp.o
LOAD C:\Users\BacTV\AppData\Local\Temp\ccDlBcVv.debug.temp.o
LOAD C:\Users\BacTV\AppData\Local\Temp\cc5ABm0R.debug.temp.o
LOAD C:\Users\BacTV\AppData\Local\Temp\ccbR3Jgd.debug.temp.o
LOAD C:\Users\BacTV\AppData\Local\Temp\ccx1uyBy.debug.temp.o
LOAD C:\Users\BacTV\AppData\Local\Temp\cc3koMIT.debug.temp.o
LOAD C:\Users\BacTV\AppData\Local\Temp\ccjuYshf.debug.temp.o
LOAD C:\Users\BacTV\AppData\Local\Temp\ccPnwqGA.debug.temp.o
LOAD C:\Users\BacTV\AppData\Local\Temp\ccDekP9V.debug.temp.o
LOAD C:\Users\BacTV\AppData\Local\Temp\ccleeqNl.debug.temp.o
LOAD C:\Users\BacTV\AppData\Local\Temp\ccroj1vL.debug.temp.o
LOAD C:\Users\BacTV\AppData\Local\Temp\ccJK710a.debug.temp.o
LOAD C:\Users\BacTV\AppData\Local\Temp\cc37FiEA.debug.temp.o
LOAD C:\Users\BacTV\AppData\Local\Temp\ccdSqmtZ.debug.temp.o
LOAD C:\Users\BacTV\AppData\Local\Temp\ccLMmqno.debug.temp.o
LOAD C:\Users\BacTV\AppData\Local\Temp\cc3IXe8M.debug.temp.o
LOAD C:\Users\BacTV\AppData\Local\Temp\ccXc0Fjc.debug.temp.o
LOAD C:\Users\BacTV\AppData\Local\Temp\ccblsUPA.debug.temp.o
LOAD C:\Users\BacTV\AppData\Local\Temp\ccjQRwqZ.debug.temp.o
LOAD C:\Users\BacTV\AppData\Local\Temp\ccX1KBNn.debug.temp.o
LOAD C:\Users\BacTV\AppData\Local\Temp\ccHiDpeM.debug.temp.o
LOAD C:\Users\BacTV\AppData\Local\Temp\ccXXt6Q9.debug.temp.o
LOAD C:\Users\BacTV\AppData\Local\Temp\ccBNvNyx.debug.temp.o
LOAD C:\Users\BacTV\AppData\Local\Temp\ccdA2gtV.debug.temp.o
LOAD C:\Users\BacTV\AppData\Local\Temp\cc9SCksj.debug.temp.o
LOAD C:\Users\BacTV\AppData\Local\Temp\ccxkYviH.debug.temp.o
LOAD C:\Users\BacTV\AppData\Local\Temp\ccX2nj18.debug.temp.o
LOAD C:\Users\BacTV\AppData\Local\Temp\ccz5KFOA.debug.temp.o
LOAD C:\Users\BacTV\AppData\Local\Temp\ccvWA2r2.debug.temp.o
LOAD C:\Users\BacTV\AppData\Local\Temp\ccR86ysu.debug.temp.o
LOAD C:\Users\BacTV\AppData\Local\Temp\ccvOpFxW.debug.temp.o
LOAD C:\Users\BacTV\AppData\Local\Temp\cch4m2oo.debug.temp.o
LOAD C:\Users\BacTV\AppData\Local\Temp\ccfy88jQ.debug.temp.o
LOAD C:\Users\BacTV\AppData\Local\Temp\cc3UCbrh.debug.temp.o
LOAD C:\Users\BacTV\AppData\Local\Temp\cc7HCNCI.debug.temp.o
LOAD C:\Users\BacTV\AppData\Local\Temp\ccPvWy19.debug.temp.o
LOAD C:\Users\BacTV\AppData\Local\Temp\ccFv64lB.debug.temp.o
LOAD C:\Users\BacTV\AppData\Local\Temp\ccJ0A7W1.debug.temp.o
LOAD C:\Users\BacTV\AppData\Local\Temp\ccNrfSBs.debug.temp.o
LOAD C:\Users\BacTV\AppData\Local\Temp\cctW5AuT.debug.temp.o
LOAD C:\Users\BacTV\AppData\Local\Temp\ccJj9Erk.debug.temp.o
LOAD C:\Users\BacTV\AppData\Local\Temp\ccZ0EqaL.debug.temp.o
LOAD C:\Users\BacTV\AppData\Local\Temp\ccxbXLXb.debug.temp.o
LOAD C:\Users\BacTV\AppData\Local\Temp\ccXvkIUB.debug.temp.o
LOAD C:\Users\BacTV\AppData\Local\Temp\ccXKXgW1.debug.temp.o
LOAD C:\Users\BacTV\AppData\Local\Temp\ccfTYVOr.debug.temp.o
LOAD C:\Users\BacTV\AppData\Local\Temp\ccx1ZAHR.debug.temp.o
LOAD C:\Users\BacTV\AppData\Local\Temp\ccfX7ZWh.debug.temp.o
LOAD C:\Users\BacTV\AppData\Local\Temp\ccbyTo2H.debug.temp.o
LOAD C:\Users\BacTV\AppData\Local\Temp\ccvjQNc8.debug.temp.o
LOAD C:\Users\BacTV\AppData\Local\Temp\cchlsnaC.debug.temp.o
LOAD C:\Users\BacTV\AppData\Local\Temp\cctabHu6.debug.temp.o
LOAD C:\Users\BacTV\AppData\Local\Temp\cchPI0JA.debug.temp.o
LOAD C:\Users\BacTV\AppData\Local\Temp\ccfT2Pf4.debug.temp.o
LOAD C:\Users\BacTV\AppData\Local\Temp\ccJN7xQx.debug.temp.o
LOAD C:\Users\BacTV\AppData\Local\Temp\ccliRwd1.debug.temp.o
LOAD C:\Users\BacTV\AppData\Local\Temp\ccfgn5Eu.debug.temp.o
LOAD C:\Users\BacTV\AppData\Local\Temp\ccJ8EMjY.debug.temp.o
LOAD C:\Users\BacTV\AppData\Local\Temp\ccT4162r.debug.temp.o
LOAD C:\Users\BacTV\AppData\Local\Temp\ccxm6jYU.debug.temp.o
LOAD C:\Users\BacTV\AppData\Local\Temp\ccBBsyJn.debug.temp.o
LOAD C:\Users\BacTV\AppData\Local\Temp\ccVgkmzQ.debug.temp.o
LOAD C:\Users\BacTV\AppData\Local\Temp\ccHk9jMj.debug.temp.o
LOAD C:\Users\BacTV\AppData\Local\Temp\ccLPHA3M.debug.temp.o
LOAD C:\Users\BacTV\AppData\Local\Temp\ccPEIy6f.debug.temp.o
LOAD C:\Users\BacTV\AppData\Local\Temp\ccbXv6dJ.debug.temp.o
LOAD C:\Users\BacTV\AppData\Local\Temp\ccpbjAxb.debug.temp.o
LOAD C:\Users\BacTV\AppData\Local\Temp\ccZ0tVVD.debug.temp.o
LOAD C:\Users\BacTV\AppData\Local\Temp\ccHqjx65.debug.temp.o
LOAD C:\Users\BacTV\AppData\Local\Temp\ccXh2KHy.debug.temp.o
LOAD C:\Users\BacTV\AppData\Local\Temp\ccruWgn1.debug.temp.o
LOAD C:\Users\BacTV\AppData\Local\Temp\cc1hkBPt.debug.temp.o
LOAD C:\Users\BacTV\AppData\Local\Temp\cc3NRwmW.debug.temp.o
LOAD C:\Users\BacTV\AppData\Local\Temp\cc1rE3Ls.debug.temp.o
LOAD C:\Users\BacTV\AppData\Local\Temp\cc3LDktZ.debug.temp.o
LOAD C:\Users\BacTV\AppData\Local\Temp\ccdMAOcv.debug.temp.o
LOAD C:\Users\BacTV\AppData\Local\Temp\ccnqsHt0.debug.temp.o
LOAD C:\Users\BacTV\AppData\Local\Temp\ccliWqGv.debug.temp.o
LOAD C:\Users\BacTV\AppData\Local\Temp\cctxhBf1.debug.temp.o
LOAD C:\Users\BacTV\AppData\Local\Temp\ccLtGDSw.debug.temp.o
LOAD C:\Users\BacTV\AppData\Local\Temp\ccXKRAt1.debug.temp.o
LOAD C:\Users\BacTV\AppData\Local\Temp\ccTRJ0vw.debug.temp.o
LOAD C:\Users\BacTV\AppData\Local\Temp\ccbqIRk1.debug.temp.o
LOAD C:\Users\BacTV\AppData\Local\Temp\cczDi8dw.debug.temp.o
LOAD C:\Users\BacTV\AppData\Local\Temp\ccH6QhZ4.debug.temp.o
LOAD C:\Users\BacTV\AppData\Local\Temp\cc7wFSOD.debug.temp.o
LOAD C:\Users\BacTV\AppData\Local\Temp\cchzLUvc.debug.temp.o
LOAD C:\Users\BacTV\AppData\Local\Temp\ccLd6ozL.debug.temp.o
LOAD C:\Users\BacTV\AppData\Local\Temp\ccnwdLGk.debug.temp.o
LOAD C:\Users\BacTV\AppData\Local\Temp\ccb13wAT.debug.temp.o
LOAD C:\Users\BacTV\AppData\Local\Temp\ccfqTJys.debug.temp.o
LOAD C:\Users\BacTV\AppData\Local\Temp\ccfpQiJ0.debug.temp.o
LOAD C:\Users\BacTV\AppData\Local\Temp\ccviMiYy.debug.temp.o
LOAD C:\Users\BacTV\AppData\Local\Temp\ccL5MGZ6.debug.temp.o
LOAD C:\Users\BacTV\AppData\Local\Temp\ccrsxQ4E.debug.temp.o
LOAD C:\Users\BacTV\AppData\Local\Temp\ccpULAwd.debug.temp.o
LOAD C:\Users\BacTV\AppData\Local\Temp\ccFPMU2L.debug.temp.o
LOAD C:\Users\BacTV\AppData\Local\Temp\ccbBE4lk.debug.temp.o
LOAD C:\Users\BacTV\AppData\Local\Temp\cc1QwxJS.debug.temp.o
LOAD C:\Users\BacTV\AppData\Local\Temp\ccTfZWmq.debug.temp.o
LOAD C:\Users\BacTV\AppData\Local\Temp\ccba3wMX.debug.temp.o
LOAD C:\Users\BacTV\AppData\Local\Temp\ccxKx4gv.debug.temp.o
LOAD C:\Users\BacTV\AppData\Local\Temp\ccbqwc82.debug.temp.o
LOAD C:\Users\BacTV\AppData\Local\Temp\ccdI6U3A.debug.temp.o
LOAD C:\Users\BacTV\AppData\Local\Temp\cc9akkL8.debug.temp.o
LOAD C:\Users\BacTV\AppData\Local\Temp\ccl2Z1wG.debug.temp.o
LOAD C:\Users\BacTV\AppData\Local\Temp\ccv2Aevd.debug.temp.o
LOAD C:\Users\BacTV\AppData\Local\Temp\ccF2brtK.debug.temp.o
LOAD C:\Users\BacTV\AppData\Local\Temp\ccRThwyh.debug.temp.o
LOAD C:\Users\BacTV\AppData\Local\Temp\ccvLWCtO.debug.temp.o
LOAD C:\Users\BacTV\AppData\Local\Temp\cczqItLl.debug.temp.o
LOAD C:\Users\BacTV\AppData\Local\Temp\ccJK5J7S.debug.temp.o
LOAD C:\Users\BacTV\AppData\Local\Temp\cchBTIgq.debug.temp.o
LOAD C:\Users\BacTV\AppData\Local\Temp\cc1r8Iq1.debug.temp.o
LOAD C:\Users\BacTV\AppData\Local\Temp\cc1yBSmC.debug.temp.o
LOAD C:\Users\BacTV\AppData\Local\Temp\ccJw6G1f.debug.temp.o
LOAD C:\Users\BacTV\AppData\Local\Temp\ccBVa2SS.debug.temp.o
LOAD C:\Users\BacTV\AppData\Local\Temp\ccXpoWEv.debug.temp.o
LOAD C:\Users\BacTV\AppData\Local\Temp\ccH8UrN8.debug.temp.o
LOAD C:\Users\BacTV\AppData\Local\Temp\ccHj0N0L.debug.temp.o
LOAD C:\Users\BacTV\AppData\Local\Temp\cc7xw04o.debug.temp.o
LOAD C:\Users\BacTV\AppData\Local\Temp\ccFu3Gb1.debug.temp.o
LOAD C:\Users\BacTV\AppData\Local\Temp\ccB3bYmD.debug.temp.o
LOAD C:\Users\BacTV\AppData\Local\Temp\ccBqTc6e.debug.temp.o
LOAD C:\Users\BacTV\AppData\Local\Temp\ccVJ1kTQ.debug.temp.o
LOAD C:\Users\BacTV\AppData\Local\Temp\ccD3jjxs.debug.temp.o
LOAD C:\Users\BacTV\AppData\Local\Temp\ccPikjy4.debug.temp.o
LOAD C:\Users\BacTV\AppData\Local\Temp\cc7cWIDG.debug.temp.o
LOAD C:\Users\BacTV\AppData\Local\Temp\cczg0xvi.debug.temp.o
LOAD C:\Users\BacTV\AppData\Local\Temp\cc9XQerU.debug.temp.o
LOAD C:\Users\BacTV\AppData\Local\Temp\cc1okokA.debug.temp.o
LOAD C:\Users\BacTV\AppData\Local\Temp\ccjTeo4f.debug.temp.o
LOAD C:\Users\BacTV\AppData\Local\Temp\ccfWOJeW.debug.temp.o
LOAD C:\Users\BacTV\AppData\Local\Temp\ccJi2ugC.debug.temp.o
LOAD C:\Users\BacTV\AppData\Local\Temp\ccRJN1th.debug.temp.o
LOAD C:\Users\BacTV\AppData\Local\Temp\cc7OlqLW.debug.temp.o
LOAD C:\Users\BacTV\AppData\Local\Temp\ccJl0fPB.debug.temp.o
LOAD C:\Users\BacTV\AppData\Local\Temp\ccpuZuXg.debug.temp.o
LOAD C:\Users\BacTV\AppData\Local\Temp\ccx3erxW.debug.temp.o
LOAD C:\Users\BacTV\AppData\Local\Temp\cclAyf9A.debug.temp.o
LOAD C:\Users\BacTV\AppData\Local\Temp\ccbKNN2f.debug.temp.o
LOAD C:\Users\BacTV\AppData\Local\Temp\ccrXVCnU.debug.temp.o
LOAD C:\Users\BacTV\AppData\Local\Temp\ccpjtmNy.debug.temp.o
LOAD C:\Users\BacTV\AppData\Local\Temp\cc9HDjZc.debug.temp.o
LOAD C:\Users\BacTV\AppData\Local\Temp\ccx7BTfR.debug.temp.o
LOAD C:\Users\BacTV\AppData\Local\Temp\ccnRBsoz.debug.temp.o
LOAD C:\Users\BacTV\AppData\Local\Temp\ccLqxmBh.debug.temp.o
LOAD C:\Users\BacTV\AppData\Local\Temp\cc5lz3AZ.debug.temp.o
LOAD C:\Users\BacTV\AppData\Local\Temp\ccrwIY1H.debug.temp.o
LOAD C:\Users\BacTV\AppData\Local\Temp\ccRIzCwq.debug.temp.o
LOAD C:\Users\BacTV\AppData\Local\Temp\ccvEUxN8.debug.temp.o
LOAD C:\Users\BacTV\AppData\Local\Temp\ccr3128Q.debug.temp.o
LOAD C:\Users\BacTV\AppData\Local\Temp\ccdVKqLy.debug.temp.o
LOAD C:\Users\BacTV\AppData\Local\Temp\cc9zQCHf.debug.temp.o
LOAD C:\Users\BacTV\AppData\Local\Temp\ccbovzzW.debug.temp.o
LOAD C:\Users\BacTV\AppData\Local\Temp\ccvBm4DD.debug.temp.o
LOAD C:\Users\BacTV\AppData\Local\Temp\cctP1bNk.debug.temp.o
LOAD C:\Users\BacTV\AppData\Local\Temp\cc5HRL80.debug.temp.o
LOAD C:\Users\BacTV\AppData\Local\Temp\cczg9XoH.debug.temp.o
LOAD C:\Users\BacTV\AppData\Local\Temp\ccjJpBJn.debug.temp.o
LOAD C:\Users\BacTV\AppData\Local\Temp\ccrONlh4.debug.temp.o
LOAD C:\Users\BacTV\AppData\Local\Temp\ccNudhMO.debug.temp.o
LOAD C:\Users\BacTV\AppData\Local\Temp\ccZpdw8y.debug.temp.o
LOAD C:\Users\BacTV\AppData\Local\Temp\ccHHM5Uj.debug.temp.o
LOAD C:\Users\BacTV\AppData\Local\Temp\ccjmj3L4.debug.temp.o
LOAD C:\Users\BacTV\AppData\Local\Temp\ccPRutuP.debug.temp.o
LOAD C:\Users\BacTV\AppData\Local\Temp\ccbKSGoz.debug.temp.o
LOAD C:\Users\BacTV\AppData\Local\Temp\ccPpvb9i.debug.temp.o
LOAD C:\Users\BacTV\AppData\Local\Temp\ccLC2Qf3.debug.temp.o
LOAD C:\Users\BacTV\AppData\Local\Temp\cczPVgDM.debug.temp.o
LOAD C:\Users\BacTV\AppData\Local\Temp\ccvCtXMv.debug.temp.o
LOAD C:\Users\BacTV\AppData\Local\Temp\ccJSNd1e.debug.temp.o
LOAD C:\Users\BacTV\AppData\Local\Temp\ccpTmpBY.debug.temp.o
LOAD C:\Users\BacTV\AppData\Local\Temp\cct002fI.debug.temp.o
LOAD C:\Users\BacTV\AppData\Local\Temp\ccJTg3Lr.debug.temp.o
LOAD C:\Users\BacTV\AppData\Local\Temp\ccbHKTta.debug.temp.o
LOAD C:\Users\BacTV\AppData\Local\Temp\ccpBZyfT.debug.temp.o
LOAD C:\Users\BacTV\AppData\Local\Temp\cc559FNB.debug.temp.o
LOAD C:\Users\BacTV\AppData\Local\Temp\ccxtigNk.debug.temp.o
LOAD C:\Users\BacTV\AppData\Local\Temp\ccVgFeR3.debug.temp.o
LOAD C:\Users\BacTV\AppData\Local\Temp\cclrLUGM.debug.temp.o
LOAD C:\Users\BacTV\AppData\Local\Temp\cc11maBv.debug.temp.o
LOAD C:\Users\BacTV\AppData\Local\Temp\ccXIrVni.debug.temp.o
LOAD C:\Users\BacTV\AppData\Local\Temp\ccX5WDf5.debug.temp.o
LOAD C:\Users\BacTV\AppData\Local\Temp\ccr6EOTR.debug.temp.o
LOAD C:\Users\BacTV\AppData\Local\Temp\ccb1lqCE.debug.temp.o
LOAD C:\Users\BacTV\AppData\Local\Temp\ccnWRjfr.debug.temp.o
LOAD C:\Users\BacTV\AppData\Local\Temp\cct20TDd.debug.temp.o
LOAD C:\Users\BacTV\AppData\Local\Temp\cc90mP6Z.debug.temp.o
LOAD C:\Users\BacTV\AppData\Local\Temp\cctETcML.debug.temp.o
LOAD C:\Users\BacTV\AppData\Local\Temp\cc5Kcawx.debug.temp.o
LOAD C:\Users\BacTV\AppData\Local\Temp\cc9poi2i.debug.temp.o
LOAD C:\Users\BacTV\AppData\Local\Temp\ccZblfC4.debug.temp.o
LOAD C:\Users\BacTV\AppData\Local\Temp\cc5ts7pQ.debug.temp.o
LOAD C:\Users\BacTV\AppData\Local\Temp\ccrGyqiC.debug.temp.o
LOAD C:\Users\BacTV\AppData\Local\Temp\ccHnsOmn.debug.temp.o
LOAD C:\Users\BacTV\AppData\Local\Temp\cc3FR3u8.debug.temp.o
LOAD C:\Users\BacTV\AppData\Local\Temp\cc7YVNxX.debug.temp.o
LOAD C:\Users\BacTV\AppData\Local\Temp\ccDA480M.debug.temp.o
LOAD C:\Users\BacTV\AppData\Local\Temp\cctGdNyC.debug.temp.o
LOAD C:\Users\BacTV\AppData\Local\Temp\cczCdhTr.debug.temp.o
LOAD C:\Users\BacTV\AppData\Local\Temp\ccV2YZxg.debug.temp.o
LOAD C:\Users\BacTV\AppData\Local\Temp\ccHwbz34.debug.temp.o
LOAD C:\Users\BacTV\AppData\Local\Temp\ccdQ4A0T.debug.temp.o
LOAD C:\Users\BacTV\AppData\Local\Temp\ccze3iJI.debug.temp.o
LOAD C:\Users\BacTV\AppData\Local\Temp\ccJsdGzw.debug.temp.o
LOAD C:\Users\BacTV\AppData\Local\Temp\ccDqbXUk.debug.temp.o
LOAD C:\Users\BacTV\AppData\Local\Temp\cc1BeD78.debug.temp.o
LOAD C:\Users\BacTV\AppData\Local\Temp\ccrUOYzW.debug.temp.o
LOAD C:\Users\BacTV\AppData\Local\Temp\cc1PkBOJ.debug.temp.o
LOAD C:\Users\BacTV\AppData\Local\Temp\ccRbmN7w.debug.temp.o
LOAD C:\Users\BacTV\AppData\Local\Temp\ccnhwrSk.debug.temp.o
LOAD C:\Users\BacTV\AppData\Local\Temp\ccbaVmt8.debug.temp.o
LOAD C:\Users\BacTV\AppData\Local\Temp\cclSuL1Z.debug.temp.o
LOAD C:\Users\BacTV\AppData\Local\Temp\cc3hiSuR.debug.temp.o
LOAD C:\Users\BacTV\AppData\Local\Temp\cc9pSrkJ.debug.temp.o
LOAD C:\Users\BacTV\AppData\Local\Temp\ccBFm1eB.debug.temp.o
LOAD C:\Users\BacTV\AppData\Local\Temp\ccv1yr0s.debug.temp.o
LOAD C:\Users\BacTV\AppData\Local\Temp\cc1kW4Wj.debug.temp.o
LOAD C:\Users\BacTV\AppData\Local\Temp\ccXHKyKa.debug.temp.o
LOAD C:\Users\BacTV\AppData\Local\Temp\ccnoz3C1.debug.temp.o
LOAD C:\Users\BacTV\AppData\Local\Temp\cc9JT0RS.debug.temp.o
LOAD C:\Users\BacTV\AppData\Local\Temp\cc3J0PaK.debug.temp.o
LOAD C:\Users\BacTV\AppData\Local\Temp\ccNYlzrA.debug.temp.o
LOAD C:\Users\BacTV\AppData\Local\Temp\ccncdM9q.debug.temp.o
LOAD C:\Users\BacTV\AppData\Local\Temp\cc1pHnEh.debug.temp.o
LOAD C:\Users\BacTV\AppData\Local\Temp\cc1GZqd8.debug.temp.o
LOAD C:\Users\BacTV\AppData\Local\Temp\ccH10HXX.debug.temp.o
LOAD C:\Users\BacTV\AppData\Local\Temp\ccFjiqMN.debug.temp.o
LOAD C:\Users\BacTV\AppData\Local\Temp\ccHBcxnD.debug.temp.o
LOAD C:\Users\BacTV\AppData\Local\Temp\cc73hE3s.debug.temp.o
LOAD C:\Users\BacTV\AppData\Local\Temp\ccZkIe6i.debug.temp.o
LOAD C:\Users\BacTV\AppData\Local\Temp\ccBT9Y0c.debug.temp.o
LOAD C:\Users\BacTV\AppData\Local\Temp\cczlo1L6.debug.temp.o
LOAD C:\Users\BacTV\AppData\Local\Temp\ccTs8vT0.debug.temp.o
LOAD C:\Users\BacTV\AppData\Local\Temp\ccxEv05U.debug.temp.o
LOAD C:\Users\BacTV\AppData\Local\Temp\ccfQvT4O.debug.temp.o
LOAD C:\Users\BacTV\AppData\Local\Temp\ccdWud8I.debug.temp.o
LOAD C:\Users\BacTV\AppData\Local\Temp\ccll7drC.debug.temp.o
LOAD C:\Users\BacTV\AppData\Local\Temp\ccDTbEwv.debug.temp.o
LOAD C:\Users\BacTV\AppData\Local\Temp\ccdtC3Go.debug.temp.o
LOAD C:\Users\BacTV\AppData\Local\Temp\cc9HyVdi.debug.temp.o
LOAD C:\Users\BacTV\AppData\Local\Temp\ccdBhFOb.debug.temp.o
LOAD C:\Users\BacTV\AppData\Local\Temp\ccvReYt5.debug.temp.o
LOAD C:\Users\BacTV\AppData\Local\Temp\cc5WdzVY.debug.temp.o
LOAD C:\Users\BacTV\AppData\Local\Temp\cc5nL7DR.debug.temp.o
LOAD C:\Users\BacTV\AppData\Local\Temp\ccnAuGcK.debug.temp.o
LOAD C:\Users\BacTV\AppData\Local\Temp\ccbfWocD.debug.temp.o
LOAD C:\Users\BacTV\AppData\Local\Temp\ccxjW8gw.debug.temp.o
LOAD C:\Users\BacTV\AppData\Local\Temp\ccZoN07o.debug.temp.o
LOAD C:\Users\BacTV\AppData\Local\Temp\ccBbIK2h.debug.temp.o
LOAD C:\Users\BacTV\AppData\Local\Temp\cc5p9y99.debug.temp.o
LOAD C:\Users\BacTV\AppData\Local\Temp\ccPyzOk2.debug.temp.o
LOAD C:\Users\BacTV\AppData\Local\Temp\cc5VicnU.debug.temp.o
LOAD C:\Users\BacTV\AppData\Local\Temp\cczOuiMM.debug.temp.o
LOAD C:\Users\BacTV\AppData\Local\Temp\cclAQhfF.debug.temp.o
LOAD C:\Users\BacTV\AppData\Local\Temp\cctJoAgB.debug.temp.o
LOAD C:\Users\BacTV\AppData\Local\Temp\ccJwJKlx.debug.temp.o
LOAD C:\Users\BacTV\AppData\Local\Temp\ccbE1tvt.debug.temp.o
LOAD C:\Users\BacTV\AppData\Local\Temp\cc1ZCO1p.debug.temp.o
LOAD C:\Users\BacTV\AppData\Local\Temp\ccD02Qtm.debug.temp.o
LOAD C:\Users\BacTV\AppData\Local\Temp\ccTfcWAh.debug.temp.o
LOAD C:\Users\BacTV\AppData\Local\Temp\ccfYCJtc.debug.temp.o
LOAD C:\Users\BacTV\AppData\Local\Temp\ccfB0DL7.debug.temp.o
LOAD C:\Users\BacTV\AppData\Local\Temp\ccVdDTb3.debug.temp.o
LOAD C:\Users\BacTV\AppData\Local\Temp\ccx8fooY.debug.temp.o
LOAD C:\Users\BacTV\AppData\Local\Temp\ccFRAuFT.debug.temp.o
LOAD C:\Users\BacTV\AppData\Local\Temp\ccNM758N.debug.temp.o
LOAD C:\Users\BacTV\AppData\Local\Temp\cc3dtGsI.debug.temp.o
LOAD C:\Users\BacTV\AppData\Local\Temp\ccRwNSQC.debug.temp.o
LOAD C:\Users\BacTV\AppData\Local\Temp\ccfqrwGx.debug.temp.o
LOAD C:\Users\BacTV\AppData\Local\Temp\ccLTJqis.debug.temp.o
LOAD C:\Users\BacTV\AppData\Local\Temp\cczQOUYm.debug.temp.o
LOAD C:\Users\BacTV\AppData\Local\Temp\ccbFWqxl.debug.temp.o
LOAD C:\Users\BacTV\AppData\Local\Temp\ccZLYeak.debug.temp.o
LOAD C:\Users\BacTV\AppData\Local\Temp\cc1FASzi.debug.temp.o
LOAD C:\Users\BacTV\AppData\Local\Temp\ccD8sGqh.debug.temp.o
LOAD C:\Users\BacTV\AppData\Local\Temp\ccJUTWDe.debug.temp.o
LOAD C:\Users\BacTV\AppData\Local\Temp\ccbgFNVb.debug.temp.o
LOAD C:\Users\BacTV\AppData\Local\Temp\ccXJbfA9.debug.temp.o
LOAD C:\Users\BacTV\AppData\Local\Temp\ccPiHpi7.debug.temp.o
LOAD C:\Users\BacTV\AppData\Local\Temp\ccVAGRM4.debug.temp.o
LOAD C:\Users\BacTV\AppData\Local\Temp\cchjbTl2.debug.temp.o
LOAD C:\Users\BacTV\AppData\Local\Temp\cczDSAoZ.debug.temp.o
LOAD C:\Users\BacTV\AppData\Local\Temp\ccBz7ZmW.debug.temp.o
LOAD C:\Users\BacTV\AppData\Local\Temp\ccH3AgpT.debug.temp.o
LOAD C:\Users\BacTV\AppData\Local\Temp\ccBXGYjU.debug.temp.o
LOAD C:\Users\BacTV\AppData\Local\Temp\cc9jf75U.debug.temp.o
LOAD C:\Users\BacTV\AppData\Local\Temp\ccf6DAiW.debug.temp.o
LOAD C:\Users\BacTV\AppData\Local\Temp\ccNYKUlX.debug.temp.o
LOAD C:\Users\BacTV\AppData\Local\Temp\ccHYLeuY.debug.temp.o
LOAD C:\Users\BacTV\AppData\Local\Temp\ccJQYj8X.debug.temp.o
LOAD C:\Users\BacTV\AppData\Local\Temp\cch7N0cY.debug.temp.o
LOAD C:\Users\BacTV\AppData\Local\Temp\ccbjd03X.debug.temp.o
LOAD C:\Users\BacTV\AppData\Local\Temp\ccp3IQZX.debug.temp.o
LOAD C:\Users\BacTV\AppData\Local\Temp\ccPfidcX.debug.temp.o
LOAD C:\Users\BacTV\AppData\Local\Temp\ccfMjhaW.debug.temp.o
LOAD C:\Users\BacTV\AppData\Local\Temp\ccRAfDcV.debug.temp.o
LOAD C:\Users\BacTV\AppData\Local\Temp\ccPEj8BU.debug.temp.o
LOAD C:\Users\BacTV\AppData\Local\Temp\ccblZd6T.debug.temp.o
LOAD C:\Users\BacTV\AppData\Local\Temp\ccPMQjqT.debug.temp.o
LOAD C:\Users\BacTV\AppData\Local\Temp\cclgp0CW.debug.temp.o
LOAD C:\Users\BacTV\AppData\Local\Temp\cc3h0URZ.debug.temp.o
LOAD C:\Users\BacTV\AppData\Local\Temp\ccV2VbY2.debug.temp.o
LOAD C:\Users\BacTV\AppData\Local\Temp\ccTcjTT5.debug.temp.o
LOAD C:\Users\BacTV\AppData\Local\Temp\ccnBZIG8.debug.temp.o
LOAD C:\Users\BacTV\AppData\Local\Temp\cc5WGVNa.debug.temp.o
LOAD C:\Users\BacTV\AppData\Local\Temp\cc5FZPHc.debug.temp.o
LOAD C:\Users\BacTV\AppData\Local\Temp\ccjg0aGe.debug.temp.o
LOAD C:\Users\BacTV\AppData\Local\Temp\ccTxzf1g.debug.temp.o
LOAD C:\Users\BacTV\AppData\Local\Temp\ccpzPpcj.debug.temp.o
LOAD C:\Users\BacTV\AppData\Local\Temp\ccNWczuk.debug.temp.o
LOAD C:\Users\BacTV\AppData\Local\Temp\ccd9zTim.debug.temp.o
LOAD C:\Users\BacTV\AppData\Local\Temp\ccHjxlTn.debug.temp.o
LOAD C:\Users\BacTV\AppData\Local\Temp\cclbyFxp.debug.temp.o
LOAD C:\Users\BacTV\AppData\Local\Temp\ccTpwngr.debug.temp.o
LOAD C:\Users\BacTV\AppData\Local\Temp\ccplxPRw.debug.temp.o
LOAD C:\Users\BacTV\AppData\Local\Temp\ccBmGbyC.debug.temp.o
LOAD C:\Users\BacTV\AppData\Local\Temp\ccX0KO0H.debug.temp.o
LOAD C:\Users\BacTV\AppData\Local\Temp\ccxCY0TN.debug.temp.o
LOAD C:\Users\BacTV\AppData\Local\Temp\ccl5TDRT.debug.temp.o
LOAD C:\Users\BacTV\AppData\Local\Temp\ccpS9XBZ.debug.temp.o
LOAD C:\Users\BacTV\AppData\Local\Temp\cc5CWUq5.debug.temp.o
LOAD C:\Users\BacTV\AppData\Local\Temp\ccBgsNra.debug.temp.o
LOAD C:\Users\BacTV\AppData\Local\Temp\ccf2dpwf.debug.temp.o
LOAD C:\Users\BacTV\AppData\Local\Temp\ccjRqRrk.debug.temp.o
LOAD C:\Users\BacTV\AppData\Local\Temp\ccTa9tKp.debug.temp.o
LOAD C:\Users\BacTV\AppData\Local\Temp\ccFMLo7u.debug.temp.o
LOAD C:\Users\BacTV\AppData\Local\Temp\cc7d6XfA.debug.temp.o
LOAD C:\Users\BacTV\AppData\Local\Temp\ccJ4c3EE.debug.temp.o
LOAD C:\Users\BacTV\AppData\Local\Temp\ccJ5u88I.debug.temp.o
LOAD C:\Users\BacTV\AppData\Local\Temp\ccbFFopN.debug.temp.o
LOAD C:\Users\BacTV\AppData\Local\Temp\ccHE6CvR.debug.temp.o
LOAD C:\Users\BacTV\AppData\Local\Temp\cczbPaGV.debug.temp.o
LOAD C:\Users\BacTV\AppData\Local\Temp\ccFD1Az3.debug.temp.o
LOAD C:\Users\BacTV\AppData\Local\Temp\cc9JSSxb.debug.temp.o
LOAD C:\Users\BacTV\AppData\Local\Temp\ccxx9fmj.debug.temp.o
LOAD C:\Users\BacTV\AppData\Local\Temp\ccl8wnxr.debug.temp.o
LOAD C:\Users\BacTV\AppData\Local\Temp\ccFXdDzz.debug.temp.o
LOAD C:\Users\BacTV\AppData\Local\Temp\ccvJIrSG.debug.temp.o
LOAD C:\Users\BacTV\AppData\Local\Temp\ccpxVYeO.debug.temp.o
LOAD C:\Users\BacTV\AppData\Local\Temp\cctyWJsV.debug.temp.o
LOAD ./main.o
LOAD ./autogen/sl_board_default_init.o
LOAD ./autogen/sl_cli_command_table.o
LOAD ./autogen/sl_cli_instances.o
LOAD ./autogen/sl_cluster_service_gen.o
LOAD ./autogen/sl_event_handler.o
LOAD ./autogen/sl_iostream_handles.o
LOAD ./autogen/sl_iostream_init_eusart_instances.o
LOAD ./autogen/sl_power_manager_handler.o
LOAD ./autogen/sl_rail_util_ieee802154_phy_select.o
LOAD ./autogen/sl_rail_util_ieee802154_stack_event.o
LOAD ./autogen/sl_simple_button_instances.o
LOAD ./autogen/sl_simple_led_instances.o
LOAD ./autogen/sli_cli_hooks.o
LOAD ./autogen/zap-cli.o
LOAD ./autogen/zap-cluster-command-parser.o
LOAD ./autogen/zap-event.o
LOAD ./autogen/zigbee_common_callback_dispatcher.o
LOAD ./autogen/zigbee_stack_callback_dispatcher.o
LOAD ./autogen/zigbee_zcl_callback_dispatcher.o
LOAD ./simplicity_sdk_2025.6.0/hardware/board/src/sl_board_control_gpio.o
LOAD ./simplicity_sdk_2025.6.0/hardware/board/src/sl_board_init.o
LOAD ./simplicity_sdk_2025.6.0/hardware/driver/configuration_over_swo/src/sl_cos.o
LOAD ./simplicity_sdk_2025.6.0/platform/Device/SiliconLabs/EFR32MG24/Source/startup_efr32mg24.o
LOAD ./simplicity_sdk_2025.6.0/platform/Device/SiliconLabs/EFR32MG24/Source/system_efr32mg24.o
LOAD ./simplicity_sdk_2025.6.0/platform/common/src/sl_assert.o
LOAD ./simplicity_sdk_2025.6.0/platform/common/src/sl_core_cortexm.o
LOAD ./simplicity_sdk_2025.6.0/platform/common/src/sl_slist.o
LOAD ./simplicity_sdk_2025.6.0/platform/common/src/sl_string.o
LOAD ./simplicity_sdk_2025.6.0/platform/common/src/sl_syscalls.o
LOAD ./simplicity_sdk_2025.6.0/platform/driver/button/src/sl_button.o
LOAD ./simplicity_sdk_2025.6.0/platform/driver/button/src/sl_simple_button.o
LOAD ./simplicity_sdk_2025.6.0/platform/driver/debug/src/sl_debug_swo.o
LOAD ./simplicity_sdk_2025.6.0/platform/driver/gpio/src/sl_gpio.o
LOAD ./simplicity_sdk_2025.6.0/platform/driver/leddrv/src/sl_led.o
LOAD ./simplicity_sdk_2025.6.0/platform/driver/leddrv/src/sl_simple_led.o
LOAD ./simplicity_sdk_2025.6.0/platform/emdrv/dmadrv/src/dmadrv.o
LOAD ./simplicity_sdk_2025.6.0/platform/emdrv/nvm3/src/nvm3.o
LOAD ./simplicity_sdk_2025.6.0/platform/emdrv/nvm3/src/nvm3_cache.o
LOAD ./simplicity_sdk_2025.6.0/platform/emdrv/nvm3/src/nvm3_default_common_linker.o
LOAD ./simplicity_sdk_2025.6.0/platform/emdrv/nvm3/src/nvm3_hal_flash.o
LOAD ./simplicity_sdk_2025.6.0/platform/emdrv/nvm3/src/nvm3_lock.o
LOAD ./simplicity_sdk_2025.6.0/platform/emdrv/nvm3/src/nvm3_object.o
LOAD ./simplicity_sdk_2025.6.0/platform/emdrv/nvm3/src/nvm3_page.o
LOAD ./simplicity_sdk_2025.6.0/platform/emdrv/nvm3/src/nvm3_utils.o
LOAD ./simplicity_sdk_2025.6.0/platform/emlib/src/em_burtc.o
LOAD ./simplicity_sdk_2025.6.0/platform/emlib/src/em_cmu.o
LOAD ./simplicity_sdk_2025.6.0/platform/emlib/src/em_emu.o
LOAD ./simplicity_sdk_2025.6.0/platform/emlib/src/em_eusart.o
LOAD ./simplicity_sdk_2025.6.0/platform/emlib/src/em_gpio.o
LOAD ./simplicity_sdk_2025.6.0/platform/emlib/src/em_ldma.o
LOAD ./simplicity_sdk_2025.6.0/platform/emlib/src/em_msc.o
LOAD ./simplicity_sdk_2025.6.0/platform/emlib/src/em_prs.o
LOAD ./simplicity_sdk_2025.6.0/platform/emlib/src/em_rmu.o
LOAD ./simplicity_sdk_2025.6.0/platform/emlib/src/em_system.o
LOAD ./simplicity_sdk_2025.6.0/platform/emlib/src/em_timer.o
LOAD ./simplicity_sdk_2025.6.0/platform/emlib/src/em_wdog.o
LOAD ./simplicity_sdk_2025.6.0/platform/peripheral/src/sl_hal_eusart.o
LOAD ./simplicity_sdk_2025.6.0/platform/peripheral/src/sl_hal_gpio.o
LOAD ./simplicity_sdk_2025.6.0/platform/peripheral/src/sl_hal_prs.o
LOAD ./simplicity_sdk_2025.6.0/platform/peripheral/src/sl_hal_sysrtc.o
LOAD ./simplicity_sdk_2025.6.0/platform/radio/rail_lib/plugin/coexistence/protocol/ieee802154_uc/coexistence-802154.o
LOAD ./simplicity_sdk_2025.6.0/platform/radio/rail_lib/plugin/pa-conversions/pa_conversions_efr32.o
LOAD ./simplicity_sdk_2025.6.0/platform/radio/rail_lib/plugin/pa-conversions/pa_curves_efr32.o
LOAD ./simplicity_sdk_2025.6.0/platform/radio/rail_lib/plugin/rail_util_ant_div/sl_rail_util_ant_div.o
LOAD ./simplicity_sdk_2025.6.0/platform/radio/rail_lib/plugin/rail_util_built_in_phys/efr32xg24/sl_rail_ble_config_38M4Hz.o
LOAD ./simplicity_sdk_2025.6.0/platform/radio/rail_lib/plugin/rail_util_built_in_phys/efr32xg24/sl_rail_ble_config_39MHz.o
LOAD ./simplicity_sdk_2025.6.0/platform/radio/rail_lib/plugin/rail_util_built_in_phys/efr32xg24/sl_rail_ble_config_40MHz.o
LOAD ./simplicity_sdk_2025.6.0/platform/radio/rail_lib/plugin/rail_util_built_in_phys/efr32xg24/sl_rail_ieee802154_config_38M4Hz.o
LOAD ./simplicity_sdk_2025.6.0/platform/radio/rail_lib/plugin/rail_util_built_in_phys/efr32xg24/sl_rail_ieee802154_config_39MHz.o
LOAD ./simplicity_sdk_2025.6.0/platform/radio/rail_lib/plugin/rail_util_built_in_phys/efr32xg24/sl_rail_ieee802154_config_40MHz.o
LOAD ./simplicity_sdk_2025.6.0/platform/radio/rail_lib/plugin/rail_util_built_in_phys/efr32xg24/sl_rail_rfsense_ook_config_38M4Hz.o
LOAD ./simplicity_sdk_2025.6.0/platform/radio/rail_lib/plugin/rail_util_built_in_phys/efr32xg24/sl_rail_rfsense_ook_config_39MHz.o
LOAD ./simplicity_sdk_2025.6.0/platform/radio/rail_lib/plugin/rail_util_built_in_phys/efr32xg24/sl_rail_rfsense_ook_config_40MHz.o
LOAD ./simplicity_sdk_2025.6.0/platform/radio/rail_lib/plugin/rail_util_built_in_phys/sl_rail_phy_overrides.o
LOAD ./simplicity_sdk_2025.6.0/platform/radio/rail_lib/plugin/rail_util_power_manager_init/sl_rail_util_power_manager_init.o
LOAD ./simplicity_sdk_2025.6.0/platform/radio/rail_lib/plugin/rail_util_pti/sl_rail_util_pti.o
LOAD ./simplicity_sdk_2025.6.0/platform/radio/rail_lib/plugin/rail_util_sequencer/sl_rail_util_sequencer.o
LOAD ./simplicity_sdk_2025.6.0/platform/security/sl_component/se_manager/src/sl_se_manager.o
LOAD ./simplicity_sdk_2025.6.0/platform/security/sl_component/se_manager/src/sl_se_manager_attestation.o
LOAD ./simplicity_sdk_2025.6.0/platform/security/sl_component/se_manager/src/sl_se_manager_cipher.o
LOAD ./simplicity_sdk_2025.6.0/platform/security/sl_component/se_manager/src/sl_se_manager_entropy.o
LOAD ./simplicity_sdk_2025.6.0/platform/security/sl_component/se_manager/src/sl_se_manager_hash.o
LOAD ./simplicity_sdk_2025.6.0/platform/security/sl_component/se_manager/src/sl_se_manager_key_derivation.o
LOAD ./simplicity_sdk_2025.6.0/platform/security/sl_component/se_manager/src/sl_se_manager_key_handling.o
LOAD ./simplicity_sdk_2025.6.0/platform/security/sl_component/se_manager/src/sl_se_manager_signature.o
LOAD ./simplicity_sdk_2025.6.0/platform/security/sl_component/se_manager/src/sl_se_manager_util.o
LOAD ./simplicity_sdk_2025.6.0/platform/security/sl_component/se_manager/src/sli_se_manager_mailbox.o
LOAD ./simplicity_sdk_2025.6.0/platform/security/sl_component/sl_mbedtls_support/src/sl_mbedtls.o
LOAD ./simplicity_sdk_2025.6.0/platform/security/sl_component/sl_mbedtls_support/src/sl_psa_crypto.o
LOAD ./simplicity_sdk_2025.6.0/platform/security/sl_component/sl_mbedtls_support/src/sli_psa_crypto.o
LOAD ./simplicity_sdk_2025.6.0/platform/security/sl_component/sl_psa_driver/src/sl_psa_its_nvm3.o
LOAD ./simplicity_sdk_2025.6.0/platform/security/sl_component/sl_psa_driver/src/sli_psa_driver_common.o
LOAD ./simplicity_sdk_2025.6.0/platform/security/sl_component/sl_psa_driver/src/sli_psa_driver_init.o
LOAD ./simplicity_sdk_2025.6.0/platform/security/sl_component/sl_psa_driver/src/sli_psa_trng.o
LOAD ./simplicity_sdk_2025.6.0/platform/security/sl_component/sl_psa_driver/src/sli_se_driver_aead.o
LOAD ./simplicity_sdk_2025.6.0/platform/security/sl_component/sl_psa_driver/src/sli_se_driver_builtin_keys.o
LOAD ./simplicity_sdk_2025.6.0/platform/security/sl_component/sl_psa_driver/src/sli_se_driver_cipher.o
LOAD ./simplicity_sdk_2025.6.0/platform/security/sl_component/sl_psa_driver/src/sli_se_driver_key_derivation.o
LOAD ./simplicity_sdk_2025.6.0/platform/security/sl_component/sl_psa_driver/src/sli_se_driver_key_management.o
LOAD ./simplicity_sdk_2025.6.0/platform/security/sl_component/sl_psa_driver/src/sli_se_driver_mac.o
LOAD ./simplicity_sdk_2025.6.0/platform/security/sl_component/sl_psa_driver/src/sli_se_driver_signature.o
LOAD ./simplicity_sdk_2025.6.0/platform/security/sl_component/sl_psa_driver/src/sli_se_opaque_driver_aead.o
LOAD ./simplicity_sdk_2025.6.0/platform/security/sl_component/sl_psa_driver/src/sli_se_opaque_driver_cipher.o
LOAD ./simplicity_sdk_2025.6.0/platform/security/sl_component/sl_psa_driver/src/sli_se_opaque_driver_mac.o
LOAD ./simplicity_sdk_2025.6.0/platform/security/sl_component/sl_psa_driver/src/sli_se_opaque_key_derivation.o
LOAD ./simplicity_sdk_2025.6.0/platform/security/sl_component/sl_psa_driver/src/sli_se_transparent_driver_aead.o
LOAD ./simplicity_sdk_2025.6.0/platform/security/sl_component/sl_psa_driver/src/sli_se_transparent_driver_cipher.o
LOAD ./simplicity_sdk_2025.6.0/platform/security/sl_component/sl_psa_driver/src/sli_se_transparent_driver_hash.o
LOAD ./simplicity_sdk_2025.6.0/platform/security/sl_component/sl_psa_driver/src/sli_se_transparent_driver_mac.o
LOAD ./simplicity_sdk_2025.6.0/platform/security/sl_component/sl_psa_driver/src/sli_se_transparent_key_derivation.o
LOAD ./simplicity_sdk_2025.6.0/platform/security/sl_component/sl_psa_driver/src/sli_se_version_dependencies.o
LOAD ./simplicity_sdk_2025.6.0/platform/service/cli/src/sl_cli.o
LOAD ./simplicity_sdk_2025.6.0/platform/service/cli/src/sl_cli_arguments.o
LOAD ./simplicity_sdk_2025.6.0/platform/service/cli/src/sl_cli_command.o
LOAD ./simplicity_sdk_2025.6.0/platform/service/cli/src/sl_cli_input.o
LOAD ./simplicity_sdk_2025.6.0/platform/service/cli/src/sl_cli_io.o
LOAD ./simplicity_sdk_2025.6.0/platform/service/cli/src/sl_cli_tokenize.o
LOAD ./simplicity_sdk_2025.6.0/platform/service/clock_manager/src/sl_clock_manager.o
LOAD ./simplicity_sdk_2025.6.0/platform/service/clock_manager/src/sl_clock_manager_hal_s2.o
LOAD ./simplicity_sdk_2025.6.0/platform/service/clock_manager/src/sl_clock_manager_init.o
LOAD ./simplicity_sdk_2025.6.0/platform/service/clock_manager/src/sl_clock_manager_init_hal_s2.o
LOAD ./simplicity_sdk_2025.6.0/platform/service/device_init/src/sl_device_init_dcdc_s2.o
LOAD ./simplicity_sdk_2025.6.0/platform/service/device_manager/clocks/sl_device_clock_efr32xg24.o
LOAD ./simplicity_sdk_2025.6.0/platform/service/device_manager/devices/sl_device_peripheral_hal_efr32xg24.o
LOAD ./simplicity_sdk_2025.6.0/platform/service/device_manager/src/sl_device_clock.o
LOAD ./simplicity_sdk_2025.6.0/platform/service/device_manager/src/sl_device_gpio.o
LOAD ./simplicity_sdk_2025.6.0/platform/service/device_manager/src/sl_device_peripheral.o
LOAD ./simplicity_sdk_2025.6.0/platform/service/hfxo_manager/src/sl_hfxo_manager.o
LOAD ./simplicity_sdk_2025.6.0/platform/service/hfxo_manager/src/sl_hfxo_manager_hal_s2.o
LOAD ./simplicity_sdk_2025.6.0/platform/service/interrupt_manager/src/sl_interrupt_manager_cortexm.o
LOAD ./simplicity_sdk_2025.6.0/platform/service/iostream/src/sl_iostream.o
LOAD ./simplicity_sdk_2025.6.0/platform/service/iostream/src/sl_iostream_debug.o
LOAD ./simplicity_sdk_2025.6.0/platform/service/iostream/src/sl_iostream_eusart.o
LOAD ./simplicity_sdk_2025.6.0/platform/service/iostream/src/sl_iostream_swo_itm_8.o
LOAD ./simplicity_sdk_2025.6.0/platform/service/iostream/src/sl_iostream_uart.o
LOAD ./simplicity_sdk_2025.6.0/platform/service/legacy_hal/src/base-replacement.o
LOAD ./simplicity_sdk_2025.6.0/platform/service/legacy_hal/src/crc.o
LOAD ./simplicity_sdk_2025.6.0/platform/service/legacy_hal/src/diagnostic.o
LOAD ./simplicity_sdk_2025.6.0/platform/service/legacy_hal/src/ember-phy.o
LOAD ./simplicity_sdk_2025.6.0/platform/service/legacy_hal/src/faults.o
LOAD ./simplicity_sdk_2025.6.0/platform/service/legacy_hal/src/random.o
LOAD ./simplicity_sdk_2025.6.0/platform/service/legacy_hal/src/token_legacy.o
LOAD ./simplicity_sdk_2025.6.0/platform/service/legacy_hal_wdog/src/sl_legacy_hal_wdog.o
LOAD ./simplicity_sdk_2025.6.0/platform/service/memory_manager/src/sl_memory_manager.o
LOAD ./simplicity_sdk_2025.6.0/platform/service/memory_manager/src/sl_memory_manager_dynamic_reservation.o
LOAD ./simplicity_sdk_2025.6.0/platform/service/memory_manager/src/sl_memory_manager_pool.o
LOAD ./simplicity_sdk_2025.6.0/platform/service/memory_manager/src/sl_memory_manager_pool_common.o
LOAD ./simplicity_sdk_2025.6.0/platform/service/memory_manager/src/sl_memory_manager_region.o
LOAD ./simplicity_sdk_2025.6.0/platform/service/memory_manager/src/sl_memory_manager_retarget.o
LOAD ./simplicity_sdk_2025.6.0/platform/service/memory_manager/src/sli_memory_manager_common.o
LOAD ./simplicity_sdk_2025.6.0/platform/service/power_manager/src/common/sl_power_manager_common.o
LOAD ./simplicity_sdk_2025.6.0/platform/service/power_manager/src/common/sl_power_manager_em4.o
LOAD ./simplicity_sdk_2025.6.0/platform/service/power_manager/src/sleep_loop/sl_power_manager.o
LOAD ./simplicity_sdk_2025.6.0/platform/service/power_manager/src/sleep_loop/sl_power_manager_debug.o
LOAD ./simplicity_sdk_2025.6.0/platform/service/power_manager/src/sleep_loop/sl_power_manager_hal_s2.o
LOAD ./simplicity_sdk_2025.6.0/platform/service/sl_main/src/sl_main_init.o
LOAD ./simplicity_sdk_2025.6.0/platform/service/sl_main/src/sl_main_init_memory.o
LOAD ./simplicity_sdk_2025.6.0/platform/service/sl_main/src/sl_main_process_action.o
LOAD ./simplicity_sdk_2025.6.0/platform/service/sleeptimer/src/sl_sleeptimer.o
LOAD ./simplicity_sdk_2025.6.0/platform/service/sleeptimer/src/sl_sleeptimer_hal_burtc.o
LOAD ./simplicity_sdk_2025.6.0/platform/service/sleeptimer/src/sl_sleeptimer_hal_sysrtc.o
LOAD ./simplicity_sdk_2025.6.0/platform/service/sleeptimer/src/sl_sleeptimer_hal_timer.o
LOAD ./simplicity_sdk_2025.6.0/platform/service/token_manager/legacy/src/sl_token_def.o
LOAD ./simplicity_sdk_2025.6.0/platform/service/token_manager/legacy/src/sl_token_manager.o
LOAD ./simplicity_sdk_2025.6.0/platform/service/token_manager/legacy/src/sl_token_manufacturing.o
LOAD ./simplicity_sdk_2025.6.0/platform/service/token_manager/legacy/src/sl_token_manufacturing_generic.o
LOAD ./simplicity_sdk_2025.6.0/platform/service/udelay/src/sl_udelay.o
LOAD ./simplicity_sdk_2025.6.0/platform/service/udelay/src/sl_udelay_armv6m_gcc.o
LOAD ./simplicity_sdk_2025.6.0/protocol/zigbee/app/framework/cli/core-cli.o
LOAD ./simplicity_sdk_2025.6.0/protocol/zigbee/app/framework/cli/network-cli.o
LOAD ./simplicity_sdk_2025.6.0/protocol/zigbee/app/framework/cli/option-cli.o
LOAD ./simplicity_sdk_2025.6.0/protocol/zigbee/app/framework/cli/security-cli.o
LOAD ./simplicity_sdk_2025.6.0/protocol/zigbee/app/framework/cli/zcl-cli.o
LOAD ./simplicity_sdk_2025.6.0/protocol/zigbee/app/framework/cli/zdo-cli.o
LOAD ./simplicity_sdk_2025.6.0/protocol/zigbee/app/framework/common/sl_zigbee_system_common.o
LOAD ./simplicity_sdk_2025.6.0/protocol/zigbee/app/framework/common/zigbee_app_framework_sleep.o
LOAD ./simplicity_sdk_2025.6.0/protocol/zigbee/app/framework/common/zigbee_app_framework_sleep_cli.o
LOAD ./simplicity_sdk_2025.6.0/protocol/zigbee/app/framework/common/zigbee_app_framework_stack_cb.o
LOAD ./simplicity_sdk_2025.6.0/protocol/zigbee/app/framework/common/zigbee_enhanced_routing.o
LOAD ./simplicity_sdk_2025.6.0/protocol/zigbee/app/framework/common/zigbee_stack_sleep.o
LOAD ./simplicity_sdk_2025.6.0/protocol/zigbee/app/framework/plugin/basic/basic-cb.o
LOAD ./simplicity_sdk_2025.6.0/protocol/zigbee/app/framework/plugin/basic/basic.o
LOAD ./simplicity_sdk_2025.6.0/protocol/zigbee/app/framework/plugin/counters/af-counters.o
LOAD ./simplicity_sdk_2025.6.0/protocol/zigbee/app/framework/plugin/counters/counters-cb.o
LOAD ./simplicity_sdk_2025.6.0/protocol/zigbee/app/framework/plugin/counters/counters-cli.o
LOAD ./simplicity_sdk_2025.6.0/protocol/zigbee/app/framework/plugin/counters/counters-ota.o
LOAD ./simplicity_sdk_2025.6.0/protocol/zigbee/app/framework/plugin/debug-print/sl_zigbee_debug_print.o
LOAD ./simplicity_sdk_2025.6.0/protocol/zigbee/app/framework/plugin/end-device-support/end-device-move.o
LOAD ./simplicity_sdk_2025.6.0/protocol/zigbee/app/framework/plugin/end-device-support/end-device-support-cb.o
LOAD ./simplicity_sdk_2025.6.0/protocol/zigbee/app/framework/plugin/end-device-support/end-device-support-cli.o
LOAD ./simplicity_sdk_2025.6.0/protocol/zigbee/app/framework/plugin/end-device-support/end-device-support.o
LOAD ./simplicity_sdk_2025.6.0/protocol/zigbee/app/framework/plugin/end-device-support/polling-common.o
LOAD ./simplicity_sdk_2025.6.0/protocol/zigbee/app/framework/plugin/end-device-support/polling-soc.o
LOAD ./simplicity_sdk_2025.6.0/protocol/zigbee/app/framework/plugin/find-and-bind-initiator/find-and-bind-initiator-cb.o
LOAD ./simplicity_sdk_2025.6.0/protocol/zigbee/app/framework/plugin/find-and-bind-initiator/find-and-bind-initiator-cli.o
LOAD ./simplicity_sdk_2025.6.0/protocol/zigbee/app/framework/plugin/find-and-bind-initiator/find-and-bind-initiator.o
LOAD ./simplicity_sdk_2025.6.0/protocol/zigbee/app/framework/plugin/groups-client/groups-client.o
LOAD ./simplicity_sdk_2025.6.0/protocol/zigbee/app/framework/plugin/identify/identify-cb.o
LOAD ./simplicity_sdk_2025.6.0/protocol/zigbee/app/framework/plugin/identify/identify-cli.o
LOAD ./simplicity_sdk_2025.6.0/protocol/zigbee/app/framework/plugin/identify/identify.o
LOAD ./simplicity_sdk_2025.6.0/protocol/zigbee/app/framework/plugin/interpan/interpan-cb.o
LOAD ./simplicity_sdk_2025.6.0/protocol/zigbee/app/framework/plugin/interpan/interpan-cli.o
LOAD ./simplicity_sdk_2025.6.0/protocol/zigbee/app/framework/plugin/interpan/interpan-soc.o
LOAD ./simplicity_sdk_2025.6.0/protocol/zigbee/app/framework/plugin/interpan/interpan.o
LOAD ./simplicity_sdk_2025.6.0/protocol/zigbee/app/framework/plugin/network-steering/network-steering-cb.o
LOAD ./simplicity_sdk_2025.6.0/protocol/zigbee/app/framework/plugin/network-steering/network-steering-cli.o
LOAD ./simplicity_sdk_2025.6.0/protocol/zigbee/app/framework/plugin/network-steering/network-steering-v2.o
LOAD ./simplicity_sdk_2025.6.0/protocol/zigbee/app/framework/plugin/network-steering/network-steering.o
LOAD ./simplicity_sdk_2025.6.0/protocol/zigbee/app/framework/plugin/scan-dispatch/scan-dispatch.o
LOAD ./simplicity_sdk_2025.6.0/protocol/zigbee/app/framework/plugin/scenes-client/scenes-client.o
LOAD ./simplicity_sdk_2025.6.0/protocol/zigbee/app/framework/plugin/update-tc-link-key/update-tc-link-key-cb.o
LOAD ./simplicity_sdk_2025.6.0/protocol/zigbee/app/framework/plugin/update-tc-link-key/update-tc-link-key-cli.o
LOAD ./simplicity_sdk_2025.6.0/protocol/zigbee/app/framework/plugin/update-tc-link-key/update-tc-link-key.o
LOAD ./simplicity_sdk_2025.6.0/protocol/zigbee/app/framework/plugin/zcl_cli/zigbee-zcl-cli.o
LOAD ./simplicity_sdk_2025.6.0/protocol/zigbee/app/framework/plugin/zcl_cli/zigbee-zcl-custom-cluster-cli.o
LOAD ./simplicity_sdk_2025.6.0/protocol/zigbee/app/framework/plugin/zcl_cli/zigbee-zcl-global-cli.o
LOAD ./simplicity_sdk_2025.6.0/protocol/zigbee/app/framework/plugin/zll-commissioning-client/zll-commissioning-client-cb.o
LOAD ./simplicity_sdk_2025.6.0/protocol/zigbee/app/framework/plugin/zll-commissioning-client/zll-commissioning-client.o
LOAD ./simplicity_sdk_2025.6.0/protocol/zigbee/app/framework/plugin/zll-commissioning-common/zll-commissioning-cli.o
LOAD ./simplicity_sdk_2025.6.0/protocol/zigbee/app/framework/plugin/zll-commissioning-common/zll-commissioning-common-cb.o
LOAD ./simplicity_sdk_2025.6.0/protocol/zigbee/app/framework/plugin/zll-commissioning-common/zll-commissioning-common.o
LOAD ./simplicity_sdk_2025.6.0/protocol/zigbee/app/framework/plugin/zll-scenes-client/zll-scenes-client.o
LOAD ./simplicity_sdk_2025.6.0/protocol/zigbee/app/framework/plugin/zll-utility-client/zll-utility-client.o
LOAD ./simplicity_sdk_2025.6.0/protocol/zigbee/app/framework/security/af-node.o
LOAD ./simplicity_sdk_2025.6.0/protocol/zigbee/app/framework/security/af-security-common.o
LOAD ./simplicity_sdk_2025.6.0/protocol/zigbee/app/framework/security/af-trust-center.o
LOAD ./simplicity_sdk_2025.6.0/protocol/zigbee/app/framework/security/crypto-state.o
LOAD ./simplicity_sdk_2025.6.0/protocol/zigbee/app/framework/service-function/sl_service_function.o
LOAD ./simplicity_sdk_2025.6.0/protocol/zigbee/app/framework/signature-decode/sl_signature_decode.o
LOAD ./simplicity_sdk_2025.6.0/protocol/zigbee/app/framework/util/af-common.o
LOAD ./simplicity_sdk_2025.6.0/protocol/zigbee/app/framework/util/af-event.o
LOAD ./simplicity_sdk_2025.6.0/protocol/zigbee/app/framework/util/af-soc-common.o
LOAD ./simplicity_sdk_2025.6.0/protocol/zigbee/app/framework/util/af-soc.o
LOAD ./simplicity_sdk_2025.6.0/protocol/zigbee/app/framework/util/attribute-size.o
LOAD ./simplicity_sdk_2025.6.0/protocol/zigbee/app/framework/util/attribute-storage.o
LOAD ./simplicity_sdk_2025.6.0/protocol/zigbee/app/framework/util/attribute-table.o
LOAD ./simplicity_sdk_2025.6.0/protocol/zigbee/app/framework/util/client-api.o
LOAD ./simplicity_sdk_2025.6.0/protocol/zigbee/app/framework/util/global-callback.o
LOAD ./simplicity_sdk_2025.6.0/protocol/zigbee/app/framework/util/global-other-callback.o
LOAD ./simplicity_sdk_2025.6.0/protocol/zigbee/app/framework/util/message.o
LOAD ./simplicity_sdk_2025.6.0/protocol/zigbee/app/framework/util/multi-network.o
LOAD ./simplicity_sdk_2025.6.0/protocol/zigbee/app/framework/util/print-formatter.o
LOAD ./simplicity_sdk_2025.6.0/protocol/zigbee/app/framework/util/print.o
LOAD ./simplicity_sdk_2025.6.0/protocol/zigbee/app/framework/util/process-cluster-message.o
LOAD ./simplicity_sdk_2025.6.0/protocol/zigbee/app/framework/util/process-global-message.o
LOAD ./simplicity_sdk_2025.6.0/protocol/zigbee/app/framework/util/service-discovery-common.o
LOAD ./simplicity_sdk_2025.6.0/protocol/zigbee/app/framework/util/service-discovery-soc.o
LOAD ./simplicity_sdk_2025.6.0/protocol/zigbee/app/framework/util/time-util.o
LOAD ./simplicity_sdk_2025.6.0/protocol/zigbee/app/framework/util/util.o
LOAD ./simplicity_sdk_2025.6.0/protocol/zigbee/app/framework/util/zcl-util.o
LOAD ./simplicity_sdk_2025.6.0/protocol/zigbee/app/util/common/library.o
LOAD ./simplicity_sdk_2025.6.0/protocol/zigbee/app/util/counters/counters.o
LOAD ./simplicity_sdk_2025.6.0/protocol/zigbee/app/util/serial/sl_zigbee_command_interpreter.o
LOAD ./simplicity_sdk_2025.6.0/protocol/zigbee/app/util/zigbee-framework/zigbee-device-common.o
LOAD ./simplicity_sdk_2025.6.0/protocol/zigbee/app/util/zigbee-framework/zigbee-device-library.o
LOAD ./simplicity_sdk_2025.6.0/protocol/zigbee/stack/config/sl_zigbee_callback_stubs.o
LOAD ./simplicity_sdk_2025.6.0/protocol/zigbee/stack/config/sl_zigbee_configuration.o
LOAD ./simplicity_sdk_2025.6.0/protocol/zigbee/stack/config/sl_zigbee_configuration_access.o
LOAD ./simplicity_sdk_2025.6.0/protocol/zigbee/stack/config/sl_zigbee_endpoint_stubs.o
LOAD ./simplicity_sdk_2025.6.0/protocol/zigbee/stack/core/multi-pan-common.o
LOAD ./simplicity_sdk_2025.6.0/protocol/zigbee/stack/core/multi-pan-stub.o
LOAD ./simplicity_sdk_2025.6.0/protocol/zigbee/stack/core/sl_zigbee_multi_network_stub.o
LOAD ./simplicity_sdk_2025.6.0/protocol/zigbee/stack/framework/debug-extended-stub.o
LOAD ./simplicity_sdk_2025.6.0/protocol/zigbee/stack/framework/strong-random-api.o
LOAD ./simplicity_sdk_2025.6.0/protocol/zigbee/stack/framework/zigbee-event-logger-stub-gen.o
LOAD ./simplicity_sdk_2025.6.0/protocol/zigbee/stack/gp/gp-stub.o
LOAD ./simplicity_sdk_2025.6.0/protocol/zigbee/stack/internal/src/baremetal/aes-mmo-baremetal-wrapper.o
LOAD ./simplicity_sdk_2025.6.0/protocol/zigbee/stack/internal/src/baremetal/binding-table-baremetal-callbacks.o
LOAD ./simplicity_sdk_2025.6.0/protocol/zigbee/stack/internal/src/baremetal/binding-table-baremetal-wrapper.o
LOAD ./simplicity_sdk_2025.6.0/protocol/zigbee/stack/internal/src/baremetal/bootload_baremetal_callbacks.o
LOAD ./simplicity_sdk_2025.6.0/protocol/zigbee/stack/internal/src/baremetal/bootload_baremetal_wrapper.o
LOAD ./simplicity_sdk_2025.6.0/protocol/zigbee/stack/internal/src/baremetal/child_baremetal_callbacks.o
LOAD ./simplicity_sdk_2025.6.0/protocol/zigbee/stack/internal/src/baremetal/child_baremetal_wrapper.o
LOAD ./simplicity_sdk_2025.6.0/protocol/zigbee/stack/internal/src/baremetal/library_baremetal_wrapper.o
LOAD ./simplicity_sdk_2025.6.0/protocol/zigbee/stack/internal/src/baremetal/mac-layer-baremetal-wrapper.o
LOAD ./simplicity_sdk_2025.6.0/protocol/zigbee/stack/internal/src/baremetal/message_baremetal_callbacks.o
LOAD ./simplicity_sdk_2025.6.0/protocol/zigbee/stack/internal/src/baremetal/message_baremetal_wrapper.o
LOAD ./simplicity_sdk_2025.6.0/protocol/zigbee/stack/internal/src/baremetal/multi-phy-baremetal-wrapper.o
LOAD ./simplicity_sdk_2025.6.0/protocol/zigbee/stack/internal/src/baremetal/network-formation-baremetal-callbacks.o
LOAD ./simplicity_sdk_2025.6.0/protocol/zigbee/stack/internal/src/baremetal/network-formation-baremetal-wrapper.o
LOAD ./simplicity_sdk_2025.6.0/protocol/zigbee/stack/internal/src/baremetal/raw-message-baremetal-callbacks.o
LOAD ./simplicity_sdk_2025.6.0/protocol/zigbee/stack/internal/src/baremetal/raw-message-baremetal-wrapper.o
LOAD ./simplicity_sdk_2025.6.0/protocol/zigbee/stack/internal/src/baremetal/security_baremetal_callbacks.o
LOAD ./simplicity_sdk_2025.6.0/protocol/zigbee/stack/internal/src/baremetal/security_baremetal_wrapper.o
LOAD ./simplicity_sdk_2025.6.0/protocol/zigbee/stack/internal/src/baremetal/sl_zigbee_address_info_baremetal_wrapper.o
LOAD ./simplicity_sdk_2025.6.0/protocol/zigbee/stack/internal/src/baremetal/sl_zigbee_duty_cycle_baremetal_callbacks.o
LOAD ./simplicity_sdk_2025.6.0/protocol/zigbee/stack/internal/src/baremetal/sl_zigbee_duty_cycle_baremetal_wrapper.o
LOAD ./simplicity_sdk_2025.6.0/protocol/zigbee/stack/internal/src/baremetal/sl_zigbee_random_api_baremetal_wrapper.o
LOAD ./simplicity_sdk_2025.6.0/protocol/zigbee/stack/internal/src/baremetal/stack-info-baremetal-callbacks.o
LOAD ./simplicity_sdk_2025.6.0/protocol/zigbee/stack/internal/src/baremetal/stack-info-baremetal-wrapper.o
LOAD ./simplicity_sdk_2025.6.0/protocol/zigbee/stack/internal/src/baremetal/trust-center-baremetal-callbacks.o
LOAD ./simplicity_sdk_2025.6.0/protocol/zigbee/stack/internal/src/baremetal/trust-center-baremetal-wrapper.o
LOAD ./simplicity_sdk_2025.6.0/protocol/zigbee/stack/internal/src/baremetal/zigbee-device-stack-baremetal-wrapper.o
LOAD ./simplicity_sdk_2025.6.0/protocol/zigbee/stack/internal/src/baremetal/zigbee-security-manager-baremetal-wrapper.o
LOAD ./simplicity_sdk_2025.6.0/protocol/zigbee/stack/internal/src/baremetal/zll-api-baremetal-callbacks.o
LOAD ./simplicity_sdk_2025.6.0/protocol/zigbee/stack/internal/src/baremetal/zll-api-baremetal-wrapper.o
LOAD ./simplicity_sdk_2025.6.0/protocol/zigbee/stack/internal/src/stubs/stack-info-internal-weak-stubs.o
LOAD ./simplicity_sdk_2025.6.0/protocol/zigbee/stack/mac/mac-info-element-parsing-stub.o
LOAD ./simplicity_sdk_2025.6.0/protocol/zigbee/stack/platform/zigbee_token_interface_stub.o
LOAD ./simplicity_sdk_2025.6.0/protocol/zigbee/stack/routing/zigbee/enhanced-beacon-request-stub.o
LOAD ./simplicity_sdk_2025.6.0/protocol/zigbee/stack/security/cbke-crypto-engine-163k1-stub.o
LOAD ./simplicity_sdk_2025.6.0/protocol/zigbee/stack/security/cbke-crypto-engine-283k1-stub.o
LOAD ./simplicity_sdk_2025.6.0/protocol/zigbee/stack/security/cbke-crypto-engine-dsa-sign-stub.o
LOAD ./simplicity_sdk_2025.6.0/protocol/zigbee/stack/security/cbke-crypto-engine-dsa-verify-283k1-stub.o
LOAD ./simplicity_sdk_2025.6.0/protocol/zigbee/stack/security/cbke-crypto-engine-dsa-verify-stub.o
LOAD ./simplicity_sdk_2025.6.0/protocol/zigbee/stack/security/cbke-crypto-engine-stub.o
LOAD ./simplicity_sdk_2025.6.0/protocol/zigbee/stack/security/security-address-cache.o
LOAD ./simplicity_sdk_2025.6.0/protocol/zigbee/stack/security/zigbee-secure-key-storage-upgrade.o
LOAD ./simplicity_sdk_2025.6.0/protocol/zigbee/stack/security/zigbee-security-manager-vault-support.o
LOAD ./simplicity_sdk_2025.6.0/protocol/zigbee/stack/security/zigbee-security-manager.o
LOAD ./simplicity_sdk_2025.6.0/protocol/zigbee/stack/stubs/sl_zigbee_dynamic_commissioning_stubs.o
LOAD ./simplicity_sdk_2025.6.0/protocol/zigbee/stack/stubs/sl_zigbee_fragmentation_stubs.o
LOAD ./simplicity_sdk_2025.6.0/protocol/zigbee/stack/stubs/sl_zigbee_r23_misc_support_stubs.o
LOAD ./simplicity_sdk_2025.6.0/protocol/zigbee/stack/stubs/sli_zigbee_zdo_cluster_filter_stubs.o
LOAD ./simplicity_sdk_2025.6.0/protocol/zigbee/stack/zigbee/aps-keys-full-stub.o
LOAD ./simplicity_sdk_2025.6.0/protocol/zigbee/stack/zigbee/source-route-stub.o
LOAD ./simplicity_sdk_2025.6.0/protocol/zigbee/stack/zigbee/zdo-r22-stub.o
LOAD ./simplicity_sdk_2025.6.0/util/plugin/byte_utilities/byte-utilities.o
LOAD ./simplicity_sdk_2025.6.0/util/plugin/security_manager/security_manager.o
LOAD ./simplicity_sdk_2025.6.0/util/third_party/mbedtls/library/cipher.o
LOAD ./simplicity_sdk_2025.6.0/util/third_party/mbedtls/library/cipher_wrap.o
LOAD ./simplicity_sdk_2025.6.0/util/third_party/mbedtls/library/constant_time.o
LOAD ./simplicity_sdk_2025.6.0/util/third_party/mbedtls/library/platform.o
LOAD ./simplicity_sdk_2025.6.0/util/third_party/mbedtls/library/platform_util.o
LOAD ./simplicity_sdk_2025.6.0/util/third_party/mbedtls/library/psa_crypto.o
LOAD ./simplicity_sdk_2025.6.0/util/third_party/mbedtls/library/psa_crypto_aead.o
LOAD ./simplicity_sdk_2025.6.0/util/third_party/mbedtls/library/psa_crypto_cipher.o
LOAD ./simplicity_sdk_2025.6.0/util/third_party/mbedtls/library/psa_crypto_client.o
LOAD ./simplicity_sdk_2025.6.0/util/third_party/mbedtls/library/psa_crypto_driver_wrappers_no_static.o
LOAD ./simplicity_sdk_2025.6.0/util/third_party/mbedtls/library/psa_crypto_ecp.o
LOAD ./simplicity_sdk_2025.6.0/util/third_party/mbedtls/library/psa_crypto_ffdh.o
LOAD ./simplicity_sdk_2025.6.0/util/third_party/mbedtls/library/psa_crypto_hash.o
LOAD ./simplicity_sdk_2025.6.0/util/third_party/mbedtls/library/psa_crypto_mac.o
LOAD ./simplicity_sdk_2025.6.0/util/third_party/mbedtls/library/psa_crypto_pake.o
LOAD ./simplicity_sdk_2025.6.0/util/third_party/mbedtls/library/psa_crypto_rsa.o
LOAD ./simplicity_sdk_2025.6.0/util/third_party/mbedtls/library/psa_crypto_se.o
LOAD ./simplicity_sdk_2025.6.0/util/third_party/mbedtls/library/psa_crypto_slot_management.o
LOAD ./simplicity_sdk_2025.6.0/util/third_party/mbedtls/library/psa_crypto_storage.o
LOAD ./simplicity_sdk_2025.6.0/util/third_party/mbedtls/library/psa_util.o
LOAD ./simplicity_sdk_2025.6.0/util/third_party/mbedtls/library/threading.o
LOAD ./simplicity_sdk_2025.6.0/util/third_party/printf/printf.o
LOAD ./simplicity_sdk_2025.6.0/util/third_party/printf/src/iostream_printf.o
LOAD C:/Users/BacTV/SimplicityStudio/SDKs/simplicity_sdk//platform/radio/rail_lib/autogen/librail_release/librail_efr32xg24_gcc_release.a
LOAD C:/Users/BacTV/SimplicityStudio/SDKs/simplicity_sdk//protocol/zigbee/build/gcc/cortex-m33/zigbee-debug-basic/release_singlenetwork/libzigbee-debug-basic.a
LOAD C:/Users/BacTV/SimplicityStudio/SDKs/simplicity_sdk//protocol/zigbee/build/gcc/cortex-m33/zigbee-pro-leaf-stack/release_singlenetwork/libzigbee-pro-leaf-stack.a
LOAD C:/Users/BacTV/SimplicityStudio/SDKs/simplicity_sdk//protocol/zigbee/build/gcc/cortex-m33/zigbee-zll/release_singlenetwork/libzigbee-zll.a
LOAD c:/siliconlabs/simplicitystudio/v5/developer/toolchains/gnu_arm/12.2.rel1_2023.7/bin/../lib/gcc/arm-none-eabi/12.2.1/thumb/v8-m.main+fp/hard\libgcc.a
LOAD c:/siliconlabs/simplicitystudio/v5/developer/toolchains/gnu_arm/12.2.rel1_2023.7/bin/../lib/gcc/arm-none-eabi/12.2.1/thumb/v8-m.main+fp/hard\libc_nano.a
LOAD c:/siliconlabs/simplicitystudio/v5/developer/toolchains/gnu_arm/12.2.rel1_2023.7/bin/../lib/gcc/arm-none-eabi/12.2.1/thumb/v8-m.main+fp/hard\libm.a
LOAD c:/siliconlabs/simplicitystudio/v5/developer/toolchains/gnu_arm/12.2.rel1_2023.7/bin/../lib/gcc/arm-none-eabi/12.2.1/thumb/v8-m.main+fp/hard\libnosys.a
END GROUP
START GROUP
LOAD c:/siliconlabs/simplicitystudio/v5/developer/toolchains/gnu_arm/12.2.rel1_2023.7/bin/../lib/gcc/arm-none-eabi/12.2.1/thumb/v8-m.main+fp/hard\libgcc.a
LOAD c:/siliconlabs/simplicitystudio/v5/developer/toolchains/gnu_arm/12.2.rel1_2023.7/bin/../lib/gcc/arm-none-eabi/12.2.1/thumb/v8-m.main+fp/hard\libc_nano.a
LOAD c:/siliconlabs/simplicitystudio/v5/developer/toolchains/gnu_arm/12.2.rel1_2023.7/bin/../lib/gcc/arm-none-eabi/12.2.1/thumb/v8-m.main+fp/hard\libnosys.a
END GROUP
START GROUP
LOAD c:/siliconlabs/simplicitystudio/v5/developer/toolchains/gnu_arm/12.2.rel1_2023.7/bin/../lib/gcc/arm-none-eabi/12.2.1/thumb/v8-m.main+fp/hard\libgcc.a
LOAD c:/siliconlabs/simplicitystudio/v5/developer/toolchains/gnu_arm/12.2.rel1_2023.7/bin/../lib/gcc/arm-none-eabi/12.2.1/thumb/v8-m.main+fp/hard\libg_nano.a
LOAD c:/siliconlabs/simplicitystudio/v5/developer/toolchains/gnu_arm/12.2.rel1_2023.7/bin/../lib/gcc/arm-none-eabi/12.2.1/thumb/v8-m.main+fp/hard\libc_nano.a
END GROUP
START GROUP
LOAD c:/siliconlabs/simplicitystudio/v5/developer/toolchains/gnu_arm/12.2.rel1_2023.7/bin/../lib/gcc/arm-none-eabi/12.2.1/thumb/v8-m.main+fp/hard\libgcc.a
LOAD c:/siliconlabs/simplicitystudio/v5/developer/toolchains/gnu_arm/12.2.rel1_2023.7/bin/../lib/gcc/arm-none-eabi/12.2.1/thumb/v8-m.main+fp/hard\libc_nano.a
END GROUP
LOAD c:/siliconlabs/simplicitystudio/v5/developer/toolchains/gnu_arm/12.2.rel1_2023.7/bin/../lib/gcc/arm-none-eabi/12.2.1/thumb/v8-m.main+fp/hard/crtend.o
LOAD c:/siliconlabs/simplicitystudio/v5/developer/toolchains/gnu_arm/12.2.rel1_2023.7/bin/../lib/gcc/arm-none-eabi/12.2.1/thumb/v8-m.main+fp/hard/crtn.o

.vectors        0x08000000      0x170
                0x08000000                linker_vectors_begin = .
 *(.vectors)
 .vectors       0x08000000      0x170 C:\Users\BacTV\AppData\Local\Temp\ccqRwfPe.ltrans0.ltrans.o
                0x08000000                __Vectors
                0x08000170                linker_vectors_end = .
                0x08000170                __Vectors_End = .
                0x08000170                __Vectors_Size = (__Vectors_End - __Vectors)
                0x08000170                __lma_ramfuncs_start__ = .

.stack          0x20000000     0x1000
                0x20000000                . = ALIGN (0x8)
                0x20000000                __StackLimit = .
 *(.stack*)
 .stack         0x20000000     0x1000 C:\Users\BacTV\AppData\Local\Temp\ccqRwfPe.ltrans5.ltrans.o
                0x20001000                . = ALIGN (0x4)
                0x20001000                __StackTop = .
                0x20001000                PROVIDE (__stack = __StackTop)

.bss            0x20001000     0x33c0
                0x20001000                . = ALIGN (0x4)
                0x20001000                __bss_start__ = .
 *(SORT_BY_ALIGNMENT(.bss*))
 .bss           0x20001000     0x1238 C:\Users\BacTV\AppData\Local\Temp\ccqRwfPe.ltrans0.ltrans.o
                0x20001000                gpio_interrupts.lto_priv.0
                0x20001168                chTable.lto_priv.0
                0x200011e8                dmaXfer.lto_priv.0
                0x2000132c                sli_zigbee_af_command_aps_frame
                0x20001330                sli_zigbee_af_zcl_buffer
                0x20001334                sli_zigbee_af_response_length_ptr
                0x20001338                led_event.lto_priv.0
                0x20001358                commissioning.lto_priv.0
                0x2000135c                emPhyRailHandle
                0x20001360                csmaParams.lto_priv.0
                0x2000136c                commissioning_event.lto_priv.0
                0x2000138c                sl_iostream_vcom.lto_priv.0
                0x200013b4                initialized.lto_priv.0
                0x200013b5                null_byte.lto_priv.0
                0x200013b8                irqState
                0x20001414                nvm3_internalObjectHandleA
                0x20001474                powerCurvesState.lto_priv.0
                0x20001490                nvm3_defaultHandleData
                0x20001520                sl_cli_example.lto_priv.0
                0x200017de                lastAgingTime.lto_priv.0
                0x200017e0                sli_zigbee_in_initial_broadcast_timeout
                0x200017e4                sli_zigbee_broadcast_age_cutoff_indices
                0x200017e8                miscInternalFlags.lto_priv.0
                0x200017ea                sli_802154mac_lower_mac_state
                0x200017ec                phyToMacQueue.lto_priv.0
                0x200017f0                sli_802154mac_to_network_queue
                0x200017f2                sli_zigbee_current_lqi
                0x200017f3                sli_zigbee_current_rssi
                0x200017f4                sli_zigbee_current_channel
                0x200017f8                sli_zigbee_current_mac_timestamp
                0x200017fc                sli_zigbee_network_to_application_queue
                0x200017fe                sli_zigbee_current_sender
                0x20001800                sli_zigbee_current_aps_struct
                0x2000180c                sli_zigbee_current_sender_eui64
                0x20001810                sli_zigbee_security_state_bitmask
                0x20001814                sli_zigbee_state
                0x20001818                joinState
                0x20001834                sli_zigbee_aps_duplicate_rejection_entries
                0x20001848                updateTcLinkKeyState.lto_priv.0
                0x20001849                bdbTcLinkKeyExchangeAttempts.lto_priv.0
                0x2000184c                sli_zigbee_request_key_events
                0x2000186c                sli_zigbee_current_zdo_request_status
                0x2000186d                sli_zigbee_current_binding_index
                0x20001870                sli_zigbee_aps_unicast_message_data
                0x20001910                delayCount.lto_priv.0
                0x20001911                submitCount.lto_priv.0
                0x20001914                sli_zigbee_retry_queue
                0x20001a14                jitOrRetryTxBusy
                0x20001a15                pendingAckedCount.lto_priv.0
                0x20001a16                sli_zigbee_network_security_level
                0x20001a18                sli_zigbee_incoming_tc_link_key_frame_counter
                0x20001a1c                sli_zigbee_request_link_key_update
                0x20001a20                sli_zigbee_stack_event_queue
                0x20001a30                sli_zigbee_node_type
                0x20001a32                lastEventTimeMs.lto_priv.0
                0x20001a34                tracePhase.lto_priv.0
                0x20001a38                heapPointer.lto_priv.0
                0x20001a3c                emHeapBase.lto_priv.0
                0x20001a40                sli_zigbee_af_current_zigbee_pro_network
                0x20001a44                sli_zigbee_af_polling_states
                0x20001a4c                sl_zigbee_af_end_device_support_polling_network_events
                0x20001a6c                sli_zigbee_af_app_event_queue
                0x20001b5c                eusart_stream_list
                0x20001b60                on_power_manager_event_handle.lto_priv.0
                0x20001b68                network_cache.lto_priv.0
                0x20001b6e                cacheBuffer.lto_priv.0
                0x20001b70                sli_zigbee_af_network_steering_state
                0x20001b74                beginTcLinkKeyUpdateEvents.lto_priv.0
                0x20001b94                sli_zigbee_af_zll_flags
                0x20001b96                sli_zigbee_af_network_steering_options_mask
                0x20001b98                sl_zigbee_af_network_steering_finish_steering_event
                0x20001bb8                beacon_number.lto_priv.0
                0x20001bba                beacon.lto_priv.0
                0x20001bd0                sli_zigbee_af_initiator_rejoin_retry_count
                0x20002214                sli_zigbee_permit_joining_events
                0x20002234                sli_zigbee_af_cli_network_index
                0x20002236                sli_zigbee_child_status_data
 .bss           0x20002238      0x1a8 C:\Users\BacTV\AppData\Local\Temp\ccqRwfPe.ltrans3.ltrans.o
                0x20002238                sl_mac_active_response_callback
                0x2000223c                sl_mac_scan_complete_callback
                0x20002250                sli_zigbee_neighbor_data
                0x20002262                sli_zigbee_neighbor_count
                0x200022e8                sli_zigbee_frame_counters_table
                0x200022ec                myLastTransactionId.lto_priv.0
                0x200022f4                scanResults.lto_priv.0
                0x20002300                currentOutgoingPacket.lto_priv.0
                0x20002304                macRetries.lto_priv.0
                0x2000230a                beaconList.lto_priv.0
                0x20002314                sli_zigbee_network_found_callback
                0x20002318                sli_zigbee_security_key_sequence_number
                0x2000231c                sli_zigbee_next_nwk_frame_counter
                0x20002338                current_force_tx_after_failed_cca_attempts.lto_priv.0
                0x20002344                current_tag.lto_priv.0
                0x20002347                pollQueueHead.lto_priv.0
                0x20002348                blackListedIdByteArray
                0x2000234a                blacklistedIdsArray
                0x2000234e                sli_zigbee_sleepy_broadcast_header
                0x20002350                sleepyBroadcastInfo.lto_priv.0
                0x20002375                suspendRxOnWhenIdle.lto_priv.0
                0x20002377                sli_zigbee_tree_depth
                0x20002380                sli_zigbee_ms_since_last_poll
                0x20002384                sli_zigbee_unicast_tx_attempts
                0x20002386                sli_zigbee_unicast_tx_failures
                0x20002388                theirLastTransactionId.lto_priv.0
                0x2000238c                transactionExpirationTimeMS.lto_priv.0
                0x20002390                zllReceivedSequenceNum
                0x20002394                scanRequestInformation.lto_priv.0
                0x20002398                myLastResponseId.lto_priv.0
                0x2000239c                commissioningZllNetwork.lto_priv.0
                0x200023c8                commissioningJoinType.lto_priv.0
                0x200023ca                commissioningNodeId.lto_priv.0
                0x200023cc                commissioningUnencryptedNetworkKey.lto_priv.0
 .bss.sli_rail_f5d6bd4b87b830444924423a67685a3c
                0x200023e0      0x1b0 C:/Users/BacTV/SimplicityStudio/SDKs/simplicity_sdk//platform/radio/rail_lib/autogen/librail_release/librail_efr32xg24_gcc_release.a(rail_rf.o)
 .bss.sli_rail_9fd4b577a88245688a41c225ff145d2d
                0x20002590       0x80 C:/Users/BacTV/SimplicityStudio/SDKs/simplicity_sdk//platform/radio/rail_lib/autogen/librail_release/librail_efr32xg24_gcc_release.a(rail_data.o)
 .bss.sli_rail_639739279e8d3d2b15a09f3a35c0cf79
                0x20002610        0x8 C:/Users/BacTV/SimplicityStudio/SDKs/simplicity_sdk//platform/radio/rail_lib/autogen/librail_release/librail_efr32xg24_gcc_release.a(generic_phy.o)
 .bss.object.0  0x20002618       0x18 c:/siliconlabs/simplicitystudio/v5/developer/toolchains/gnu_arm/12.2.rel1_2023.7/bin/../lib/gcc/arm-none-eabi/12.2.1/thumb/v8-m.main+fp/hard/crtbegin.o
 .bss           0x20002630      0xf41 C:\Users\BacTV\AppData\Local\Temp\ccqRwfPe.ltrans1.ltrans.o
                0x2000263c                timer_head.lto_priv.0
                0x20002640                sl_zigbee_af_aps_retry_override.lto_priv.0
                0x20002641                sl_zigbee_af_response_type
                0x20002646                sl_zigbee_af_print_active_area
                0x20002648                sli_zigbee_af_current_command
                0x2000264c                sli_zigbee_counters
                0x200026a0                sli_zigbee_counters_thresholds
                0x2000279e                zigDevRequestSequence.lto_priv.0
                0x200027c0                sli_zigbee_af_endpoints
                0x200027e0                sl_zigbee_endpoint_count
                0x200027e1                zigDevRequestSequence.lto_priv.1
                0x200027e4                timer_frequency.lto_priv.0
                0x200027ec                sli_general_purpose_heap
                0x20002828                current_em.lto_priv.0
                0x20002829                is_sleeping_waiting_for_clock_restore.lto_priv.0
                0x2000282a                is_states_saved.lto_priv.0
                0x2000286d                is_hf_x_oscillator_not_preserved.lto_priv.0
                0x2000286f                requirement_em1.lto_priv.0
                0x20002874                globalApsFrame
                0x20002882                appZclBuffer
                0x200028d6                appZclBufferLen
                0x200028d8                sli_iostream_default.lto_priv.0
                0x200028f8                is_actively_waiting_for_clock_restore.lto_priv.0
                0x20002904                max_millisecond_conversion.lto_priv.0
                0x20002980                vScaleEM01Config.lto_priv.0
                0x2000298c                emHeapLimit
                0x20002990                global_data.lto_priv.0
                0x200029a8                global_data.lto_priv.1
                0x20002f9c                tokensActive.lto_priv.0
                0x20002f9d                sli_802154mac_local_eui64
                0x20002fa8                sli_mac_upper_mac_state
                0x20003054                outgoing_flat_packet.lto_priv.0
                0x200030d4                mac_outgoing_sequence_number.lto_priv.0
                0x200030d5                sli_mac_network_poll_queue
                0x200030d6                sl_mac_stack_filter_list
                0x20003116                sl_mac_stack_filter_list_length
                0x20003118                sli_zigbee_address_table
                0x200031d8                sli_zigbee_network_management_events
                0x200031f8                sli_zigbee_transient_link_key_events
                0x20003218                sli_zigbee_sequence_number
                0x20003219                sli_zigbee_aps_sequence_number
                0x2000321a                receivedTimeoutResponse
                0x2000321b                responseTimeoutRemaining
                0x2000321c                sli_zigbee_what_i_support_as_a_parent
                0x2000321e                parentNwkInformation
                0x20003220                delayCount.lto_priv.1
                0x20003221                submitCount.lto_priv.1
                0x20003222                sli_zigbee_store_and_forward_queue
                0x20003254                sli_zigbee_zll_mac_filter_match_list
                0x20003258                finding_and_binding_event.lto_priv.0
                0x200032f8                sli_zigbee_af_service_discovery_events
                0x20003378                sl_zigbee_af_end_device_support_move_network_events
                0x20003398                checkTargetResponsesEvent.lto_priv.0
                0x200033b8                scanNetworkEvents.lto_priv.0
                0x200033d8                touchLinkEvent.lto_priv.0
                0x200033f8                states.lto_priv.1
                0x20003410                gInterpanEnabled.lto_priv.0
                0x20003414                messageSentCallbacks.lto_priv.0
                0x20003464                addressCacheStartIndex.lto_priv.0
                0x20003465                addressCacheSize
                0x20003466                nextIndex.lto_priv.0
                0x20003467                afDeviceEnabled
                0x20003469                appResponseData
                0x200034bc                sli_zigbee_af_zcl_buffer_len
                0x200034be                appResponseLength
                0x200034c0                sl_zigbee_af_response_aps_frame
                0x200034cc                sli_zigbee_zll_policy
                0x200034d0                zllPrimaryChannelMask.lto_priv.0
                0x200034d4                zllSecondaryChannelMask.lto_priv.0
                0x200034d8                networkInitData.lto_priv.0
                0x200034ec                keys_failed
                0x200034f1                keys_passed
                0x200034f6                avgParentRssi
                0x20003500                sli_zigbee_binding_remote_node
                0x20003516                zclCmdIsBuilt
                0x20003518                sli_zigbee_af_syncing_time
                0x2000352e                sli_zigbee_allow_rejoins_with_well_known_key
                0x2000352f                sl_mac_custom_filter_list_length
                0x20003530                sl_mac_custom_filter_list
                0x20003570                sli_zigbee_descriptor_capability
 *fill*         0x20003571        0x3 
 .bss           0x20003574      0x937 C:\Users\BacTV\AppData\Local\Temp\ccqRwfPe.ltrans2.ltrans.o
                0x20003574                sli_zigbee_af_enable_poll_completed_callback
                0x200035a9                count.lto_priv.0
                0x200035ac                handlerQueue.lto_priv.0
                0x2000364c                head.lto_priv.0
                0x20003650                sli_zigbee_af_zll_network
                0x20003764                states.lto_priv.2
                0x20003828                nextApsFrameCounter.lto_priv.0
                0x2000382c                storedKeysList.lto_priv.0
                0x2000382e                keyCount.lto_priv.0
                0x20003830                zb_sm_context_psa_key_id.lto_priv.0
                0x20003838                state.lto_priv.1
                0x20003854                global_beacon.lto_priv.0
                0x2000386a                purgeBeaconsAfterJoinSuccess.lto_priv.0
                0x2000386b                beaconListCount.lto_priv.0
                0x2000386e                moduleState.lto_priv.0
                0x2000386f                radioOnForRequestOnly.lto_priv.0
                0x20003870                scanningInProgress.lto_priv.0
                0x20003871                nextSubDeviceIndex.lto_priv.0
                0x20003872                radioOnForRequestOnly.lto_priv.1
                0x20003873                targetEui64.lto_priv.0
                0x2000387b                zllNodeType.lto_priv.0
                0x2000387c                sli_802154mac_scan_type
                0x2000387d                rxAlwaysOn.lto_priv.0
                0x20003e5c                sli_command_or_default_response_submitted
                0x20003e60                curCmd
                0x20003e80                afNoSecurityForDefaultResponse.lto_priv.0
                0x20003e82                sl_zigbee_af_response_destination
                0x20003e84                interpanResponseHeader.lto_priv.0
                0x20003e9a                sli_zigbee_af_zll_sub_devices
                0x20003eaa                sli_zigbee_af_zll_sub_device_count
 *fill*         0x20003eab        0x1 
 .bss           0x20003eac       0x49 C:\Users\BacTV\AppData\Local\Temp\ccqRwfPe.ltrans4.ltrans.o
                0x20003ec0                sli_zigbee_binding_flags
                0x20003ed6                nwkSequenceNumber.lto_priv.0
                0x20003ed8                originalRadioPower.lto_priv.0
 *fill*         0x20003ef5        0x3 
 .bss           0x20003ef8       0x10 C:\Users\BacTV\AppData\Local\Temp\ccqRwfPe.ltrans5.ltrans.o
 .bss.sli_rail_b2d4e2f0808167209d1dba530e0bb939
                0x20003f08      0x200 C:/Users/BacTV/SimplicityStudio/SDKs/simplicity_sdk//platform/radio/rail_lib/autogen/librail_release/librail_efr32xg24_gcc_release.a(rail_data.o)
 .bss.sli_rail_assert_rail_handle
                0x20004108        0x4 C:/Users/BacTV/SimplicityStudio/SDKs/simplicity_sdk//platform/radio/rail_lib/autogen/librail_release/librail_efr32xg24_gcc_release.a(rail_assert.o)
                0x20004108                sli_rail_assert_rail_handle
 .bss.sli_rail_assert_line_number
                0x2000410c        0x4 C:/Users/BacTV/SimplicityStudio/SDKs/simplicity_sdk//platform/radio/rail_lib/autogen/librail_release/librail_efr32xg24_gcc_release.a(rail_assert.o)
                0x2000410c                sli_rail_assert_line_number
 .bss.sli_rail_c136c888d348bae01d46584776a71a85
                0x20004110        0x8 C:/Users/BacTV/SimplicityStudio/SDKs/simplicity_sdk//platform/radio/rail_lib/autogen/librail_release/librail_efr32xg24_gcc_release.a(rail_power_manager.o)
 .bss.sli_rail_9173f051b55c13a908edffee1745cddf
                0x20004118        0x8 C:/Users/BacTV/SimplicityStudio/SDKs/simplicity_sdk//platform/radio/rail_lib/autogen/librail_release/librail_efr32xg24_gcc_release.a(rail_power_manager.o)
 .bss.sli_rail_1a9485a7c6b38dd70de7ee0102aa7aaf
                0x20004120       0x20 C:/Users/BacTV/SimplicityStudio/SDKs/simplicity_sdk//platform/radio/rail_lib/autogen/librail_release/librail_efr32xg24_gcc_release.a(rail_power_manager.o)
 .bss.sli_rail_54d89e3959a4bbc543e302fea6710f95
                0x20004140        0x4 C:/Users/BacTV/SimplicityStudio/SDKs/simplicity_sdk//platform/radio/rail_lib/autogen/librail_release/librail_efr32xg24_gcc_release.a(rail_power_manager.o)
                0x20004140                sli_rail_54d89e3959a4bbc543e302fea6710f95
 .bss.sli_rail_07aed9c96fdcaccc2e6f95e40d8fb12c
                0x20004144        0x4 C:/Users/BacTV/SimplicityStudio/SDKs/simplicity_sdk//platform/radio/rail_lib/autogen/librail_release/librail_efr32xg24_gcc_release.a(rail_power_manager.o)
 .bss.sli_rail_e869e9276015a189cecac6019fc3c018
                0x20004148        0x4 C:/Users/BacTV/SimplicityStudio/SDKs/simplicity_sdk//platform/radio/rail_lib/autogen/librail_release/librail_efr32xg24_gcc_release.a(rail_power_manager.o)
 .bss.sli_rail_4b8dfbaedea31d7cbf1e1ce30323b341
                0x2000414c        0x4 C:/Users/BacTV/SimplicityStudio/SDKs/simplicity_sdk//platform/radio/rail_lib/autogen/librail_release/librail_efr32xg24_gcc_release.a(rail_power_manager.o)
 .bss.sli_rail_ff5397f38ac9ffe78ebd137a9facd21f
                0x20004150        0x4 C:/Users/BacTV/SimplicityStudio/SDKs/simplicity_sdk//platform/radio/rail_lib/autogen/librail_release/librail_efr32xg24_gcc_release.a(rail_rf_hal.o)
 .bss.sli_rail_93f64758baf60907f96fa3736d8c95be
                0x20004154        0x4 C:/Users/BacTV/SimplicityStudio/SDKs/simplicity_sdk//platform/radio/rail_lib/autogen/librail_release/librail_efr32xg24_gcc_release.a(rail_rf_hal.o)
 .bss.sli_rail_2c64439bef0520ed6b99a1cb60a3db45
                0x20004158        0x4 C:/Users/BacTV/SimplicityStudio/SDKs/simplicity_sdk//platform/radio/rail_lib/autogen/librail_release/librail_efr32xg24_gcc_release.a(rail_rf_hal.o)
 .bss.sli_rail_f220d21fdb41383218da79e92497d6e0
                0x2000415c        0x4 C:/Users/BacTV/SimplicityStudio/SDKs/simplicity_sdk//platform/radio/rail_lib/autogen/librail_release/librail_efr32xg24_gcc_release.a(rail_rf_hal.o)
 .bss.sli_rail_e547315ea5b6d0aaa7cc739ff29cd150
                0x20004160        0x4 C:/Users/BacTV/SimplicityStudio/SDKs/simplicity_sdk//platform/radio/rail_lib/autogen/librail_release/librail_efr32xg24_gcc_release.a(rail_rf_hal.o)
 .bss.sli_rail_ed16766c587fa63e77da03f1b51ef62a
                0x20004164        0x4 C:/Users/BacTV/SimplicityStudio/SDKs/simplicity_sdk//platform/radio/rail_lib/autogen/librail_release/librail_efr32xg24_gcc_release.a(rail_rf_hal.o)
 .bss.sli_rail_8b603bfacbd416d9fed4157d0fe5952f
                0x20004168        0x4 C:/Users/BacTV/SimplicityStudio/SDKs/simplicity_sdk//platform/radio/rail_lib/autogen/librail_release/librail_efr32xg24_gcc_release.a(rail_rf_hal.o)
 .bss.sli_rail_e596de4f8292ec5a59bf4d802ccf94ce
                0x2000416c        0x4 C:/Users/BacTV/SimplicityStudio/SDKs/simplicity_sdk//platform/radio/rail_lib/autogen/librail_release/librail_efr32xg24_gcc_release.a(rail_rf_hal.o)
 .bss.sli_rail_a38a6265fbc5cbe2cc3228410b65ace5
                0x20004170        0x4 C:/Users/BacTV/SimplicityStudio/SDKs/simplicity_sdk//platform/radio/rail_lib/autogen/librail_release/librail_efr32xg24_gcc_release.a(rail_rf_hal.o)
                0x20004170                sli_rail_a38a6265fbc5cbe2cc3228410b65ace5
 .bss.sli_rail_dcde16df7cedd595b97bd2a7aa082524
                0x20004174        0x4 C:/Users/BacTV/SimplicityStudio/SDKs/simplicity_sdk//platform/radio/rail_lib/autogen/librail_release/librail_efr32xg24_gcc_release.a(rail_ieee802154_rf_hal.o)
                0x20004174                sli_rail_dcde16df7cedd595b97bd2a7aa082524
 .bss.sli_rail_2c83a429df0ac09a485d2660685c629a
                0x20004178        0x4 C:/Users/BacTV/SimplicityStudio/SDKs/simplicity_sdk//platform/radio/rail_lib/autogen/librail_release/librail_efr32xg24_gcc_release.a(rail_ieee802154_rf_hal.o)
                0x20004178                sli_rail_2c83a429df0ac09a485d2660685c629a
 .bss.sli_rail_8e5f92557b02add76aa494081820c844
                0x2000417c        0x4 C:/Users/BacTV/SimplicityStudio/SDKs/simplicity_sdk//platform/radio/rail_lib/autogen/librail_release/librail_efr32xg24_gcc_release.a(rail_ieee802154_rf_hal.o)
                0x2000417c                sli_rail_8e5f92557b02add76aa494081820c844
 .bss.sli_rail_101f4b3f7ec22758e9c3af4867b037bf
                0x20004180        0x4 C:/Users/BacTV/SimplicityStudio/SDKs/simplicity_sdk//platform/radio/rail_lib/autogen/librail_release/librail_efr32xg24_gcc_release.a(rfhal_bufc.o)
 .bss.sli_rail_e119b6e8991410a924ce1e2fa666a230
                0x20004184        0x4 C:/Users/BacTV/SimplicityStudio/SDKs/simplicity_sdk//platform/radio/rail_lib/autogen/librail_release/librail_efr32xg24_gcc_release.a(rfhal_pa.o)
 .bss.sli_rail_8bcb7082e48e6ff370e12cbf831416d4
                0x20004188        0x4 C:/Users/BacTV/SimplicityStudio/SDKs/simplicity_sdk//platform/radio/rail_lib/autogen/librail_release/librail_efr32xg24_gcc_release.a(rfhal_pa.o)
 .bss.sli_rail_a6f5c273b65932798e9fe42a4135c816
                0x2000418c        0x4 C:/Users/BacTV/SimplicityStudio/SDKs/simplicity_sdk//platform/radio/rail_lib/autogen/librail_release/librail_efr32xg24_gcc_release.a(rfhal_pa.o)
 .bss.sli_rail_a7ecbdc9460bec98d7781dd81a879a8b
                0x20004190       0x14 C:/Users/BacTV/SimplicityStudio/SDKs/simplicity_sdk//platform/radio/rail_lib/autogen/librail_release/librail_efr32xg24_gcc_release.a(rfhal_pti.o)
 .bss.sli_rail_77815a23ee974b1b058991f6802f3a27
                0x200041a4        0x4 C:/Users/BacTV/SimplicityStudio/SDKs/simplicity_sdk//platform/radio/rail_lib/autogen/librail_release/librail_efr32xg24_gcc_release.a(rfhal_protimer.o)
                0x200041a4                sli_rail_77815a23ee974b1b058991f6802f3a27
 .bss.sli_rail_ba76bc65df776304e41de87b98615d59
                0x200041a8        0x4 C:/Users/BacTV/SimplicityStudio/SDKs/simplicity_sdk//platform/radio/rail_lib/autogen/librail_release/librail_efr32xg24_gcc_release.a(rfhal_protimer.o)
                0x200041a8                sli_rail_ba76bc65df776304e41de87b98615d59
 .bss.sli_rail_b12f64a1631cb80aaba93bc7e62c5401
                0x200041ac        0x4 C:/Users/BacTV/SimplicityStudio/SDKs/simplicity_sdk//platform/radio/rail_lib/autogen/librail_release/librail_efr32xg24_gcc_release.a(rfhal_protimer.o)
                0x200041ac                sli_rail_b12f64a1631cb80aaba93bc7e62c5401
 .bss.sli_rail_cd01ef0a536530215319ced12540ac0b
                0x200041b0        0x4 C:/Users/BacTV/SimplicityStudio/SDKs/simplicity_sdk//platform/radio/rail_lib/autogen/librail_release/librail_efr32xg24_gcc_release.a(rfhal_protimer.o)
                0x200041b0                sli_rail_cd01ef0a536530215319ced12540ac0b
 .bss.sli_rail_28b654493fd84ce3d4a1eafa51d2de06
                0x200041b4        0x4 C:/Users/BacTV/SimplicityStudio/SDKs/simplicity_sdk//platform/radio/rail_lib/autogen/librail_release/librail_efr32xg24_gcc_release.a(rfhal_protimer.o)
                0x200041b4                sli_rail_28b654493fd84ce3d4a1eafa51d2de06
 .bss.sli_rail_053617c4332bb6c7cf6732ee3488f196
                0x200041b8       0x30 C:/Users/BacTV/SimplicityStudio/SDKs/simplicity_sdk//platform/radio/rail_lib/autogen/librail_release/librail_efr32xg24_gcc_release.a(rfhal_radio.o)
 .bss.sli_rail_9bba98fddad85f3d1cd858994e5074b6
                0x200041e8        0x4 C:/Users/BacTV/SimplicityStudio/SDKs/simplicity_sdk//platform/radio/rail_lib/autogen/librail_release/librail_efr32xg24_gcc_release.a(rfhal_radio.o)
 .bss.sli_rail_23320480a172bcf05c7593f2b87e5674
                0x200041ec        0x4 C:/Users/BacTV/SimplicityStudio/SDKs/simplicity_sdk//platform/radio/rail_lib/autogen/librail_release/librail_efr32xg24_gcc_release.a(rfhal_radio.o)
 .bss.sli_rail_cca87d23761b59cf722558455f039109
                0x200041f0        0x4 C:/Users/BacTV/SimplicityStudio/SDKs/simplicity_sdk//platform/radio/rail_lib/autogen/librail_release/librail_efr32xg24_gcc_release.a(rfhal_radio.o)
 .bss.sli_rail_8053e95551393ef0883c1e2a5d4dfbe9
                0x200041f4        0x4 C:/Users/BacTV/SimplicityStudio/SDKs/simplicity_sdk//platform/radio/rail_lib/autogen/librail_release/librail_efr32xg24_gcc_release.a(rfhal_radio.o)
 .bss.sli_rail_f1df1570f191c642a02a0292be221879
                0x200041f8        0x4 C:/Users/BacTV/SimplicityStudio/SDKs/simplicity_sdk//platform/radio/rail_lib/autogen/librail_release/librail_efr32xg24_gcc_release.a(rfhal_radio.o)
                0x200041f8                sli_rail_f1df1570f191c642a02a0292be221879
 .bss.sli_rail_f0c1e48b7d98bcd6e4f079098d6dfa93
                0x200041fc        0x4 C:/Users/BacTV/SimplicityStudio/SDKs/simplicity_sdk//platform/radio/rail_lib/autogen/librail_release/librail_efr32xg24_gcc_release.a(rfhal_radio.o)
                0x200041fc                sli_rail_f0c1e48b7d98bcd6e4f079098d6dfa93
 .bss.sli_rail_6a93196ff209f0ad8051f2db2ef8e438
                0x20004200        0x4 C:/Users/BacTV/SimplicityStudio/SDKs/simplicity_sdk//platform/radio/rail_lib/autogen/librail_release/librail_efr32xg24_gcc_release.a(rfhal_radio.o)
                0x20004200                sli_rail_6a93196ff209f0ad8051f2db2ef8e438
 .bss.sli_rail_92d4a5e6721a659cee640e925c62d970
                0x20004204        0x4 C:/Users/BacTV/SimplicityStudio/SDKs/simplicity_sdk//platform/radio/rail_lib/autogen/librail_release/librail_efr32xg24_gcc_release.a(rfhal_radio.o)
                0x20004204                sli_rail_92d4a5e6721a659cee640e925c62d970
 .bss.sli_rail_3dffa155f4a8801784d5a9fcd5a4dd94
                0x20004208        0x4 C:/Users/BacTV/SimplicityStudio/SDKs/simplicity_sdk//platform/radio/rail_lib/autogen/librail_release/librail_efr32xg24_gcc_release.a(rfhal_radio.o)
                0x20004208                sli_rail_3dffa155f4a8801784d5a9fcd5a4dd94
 .bss.sli_rail_590b73c4e7189b930de01295d0fbc37c
                0x2000420c        0x4 C:/Users/BacTV/SimplicityStudio/SDKs/simplicity_sdk//platform/radio/rail_lib/autogen/librail_release/librail_efr32xg24_gcc_release.a(rfhal_radio.o)
                0x2000420c                sli_rail_590b73c4e7189b930de01295d0fbc37c
 .bss.sli_rail_87060312697d31886d06904a4d287474
                0x20004210        0x4 C:/Users/BacTV/SimplicityStudio/SDKs/simplicity_sdk//platform/radio/rail_lib/autogen/librail_release/librail_efr32xg24_gcc_release.a(rfhal_rfeca.o)
 .bss.sli_rail_46885ee79bb18df54fe729cfba8e607b
                0x20004214        0x4 C:/Users/BacTV/SimplicityStudio/SDKs/simplicity_sdk//platform/radio/rail_lib/autogen/librail_release/librail_efr32xg24_gcc_release.a(rfhal_synth.o)
                0x20004214                sli_rail_46885ee79bb18df54fe729cfba8e607b
 .bss.sli_rail_d2c542bf069f46066a28f843ca3ff78f
                0x20004218        0x4 C:/Users/BacTV/SimplicityStudio/SDKs/simplicity_sdk//platform/radio/rail_lib/autogen/librail_release/librail_efr32xg24_gcc_release.a(rfhal_synth.o)
                0x20004218                sli_rail_d2c542bf069f46066a28f843ca3ff78f
 .bss.sli_rail_e0ef4487ab4804a5fea3180e903f26d5
                0x2000421c        0x4 C:/Users/BacTV/SimplicityStudio/SDKs/simplicity_sdk//platform/radio/rail_lib/autogen/librail_release/librail_efr32xg24_gcc_release.a(rfhal_synth.o)
 .bss.sli_rail_1735c4d38e84f6ce03a9829499886986
                0x20004220        0x4 C:/Users/BacTV/SimplicityStudio/SDKs/simplicity_sdk//platform/radio/rail_lib/autogen/librail_release/librail_efr32xg24_gcc_release.a(rfhal_timings.o)
 .bss.sli_rail_f9bca167b18e7011edfdb6d3ce9531c6
                0x20004224       0x10 C:/Users/BacTV/SimplicityStudio/SDKs/simplicity_sdk//platform/radio/rail_lib/autogen/librail_release/librail_efr32xg24_gcc_release.a(rfhal_timings.o)
 .bss.sli_rail_9c2a5a1193e307c22559a2580488663c
                0x20004234        0x4 C:/Users/BacTV/SimplicityStudio/SDKs/simplicity_sdk//platform/radio/rail_lib/autogen/librail_release/librail_efr32xg24_gcc_release.a(rfhal_timings.o)
 .bss.sli_rail_e313b55611f42bb8fd6c98edfa75cd8f
                0x20004238        0x4 C:/Users/BacTV/SimplicityStudio/SDKs/simplicity_sdk//platform/radio/rail_lib/autogen/librail_release/librail_efr32xg24_gcc_release.a(generic_phy.o)
                0x20004238                sli_rail_e313b55611f42bb8fd6c98edfa75cd8f
 .bss.sli_rail_42987b2d051e27bbd12feb66e8f8ca45
                0x2000423c        0x4 C:/Users/BacTV/SimplicityStudio/SDKs/simplicity_sdk//platform/radio/rail_lib/autogen/librail_release/librail_efr32xg24_gcc_release.a(generic_phy.o)
 .bss.sli_rail_af3c6973dddd532ce508e3f9924571a4
                0x20004240        0x4 C:/Users/BacTV/SimplicityStudio/SDKs/simplicity_sdk//platform/radio/rail_lib/autogen/librail_release/librail_efr32xg24_gcc_release.a(rail_singleprotocol.o)
 .bss.RAIL_ActiveHandle
                0x20004244        0x4 C:/Users/BacTV/SimplicityStudio/SDKs/simplicity_sdk//platform/radio/rail_lib/autogen/librail_release/librail_efr32xg24_gcc_release.a(rail_singleprotocol.o)
                0x20004244                RAIL_ActiveHandle
 .bss.__sf      0x20004248      0x138 c:/siliconlabs/simplicitystudio/v5/developer/toolchains/gnu_arm/12.2.rel1_2023.7/bin/../lib/gcc/arm-none-eabi/12.2.1/thumb/v8-m.main+fp/hard\libc_nano.a(libc_a-findfp.o)
                0x20004248                __sf
 .bss.__stdio_exit_handler
                0x20004380        0x4 c:/siliconlabs/simplicitystudio/v5/developer/toolchains/gnu_arm/12.2.rel1_2023.7/bin/../lib/gcc/arm-none-eabi/12.2.1/thumb/v8-m.main+fp/hard\libc_nano.a(libc_a-findfp.o)
                0x20004380                __stdio_exit_handler
 .bss.sli_rail_984a073d072f71c72895558117076777
                0x20004384       0x18 C:/Users/BacTV/SimplicityStudio/SDKs/simplicity_sdk//platform/radio/rail_lib/autogen/librail_release/librail_efr32xg24_gcc_release.a(rfhal_radio.o)
 .bss.completed.1
                0x2000439c        0x1 c:/siliconlabs/simplicitystudio/v5/developer/toolchains/gnu_arm/12.2.rel1_2023.7/bin/../lib/gcc/arm-none-eabi/12.2.1/thumb/v8-m.main+fp/hard/crtbegin.o
 .bss.sli_rail_410f40085c333379a68aa72c7f5fe55e
                0x2000439d        0x1 C:/Users/BacTV/SimplicityStudio/SDKs/simplicity_sdk//platform/radio/rail_lib/autogen/librail_release/librail_efr32xg24_gcc_release.a(rail_power_manager.o)
 .bss.sli_rail_d65d23c2b23fdd806a6e8f3e64b0323d
                0x2000439e        0x1 C:/Users/BacTV/SimplicityStudio/SDKs/simplicity_sdk//platform/radio/rail_lib/autogen/librail_release/librail_efr32xg24_gcc_release.a(rail_power_manager.o)
 .bss.sli_rail_61af0a7c75316b90cbcd8fa25d8ab561
                0x2000439f        0x1 C:/Users/BacTV/SimplicityStudio/SDKs/simplicity_sdk//platform/radio/rail_lib/autogen/librail_release/librail_efr32xg24_gcc_release.a(rail_power_manager.o)
 .bss.sli_rail_aa6a27b2d33ee099d3bcb8c9cc528c7f
                0x200043a0        0x1 C:/Users/BacTV/SimplicityStudio/SDKs/simplicity_sdk//platform/radio/rail_lib/autogen/librail_release/librail_efr32xg24_gcc_release.a(rail_power_manager.o)
 .bss.sli_rail_b8fbc7affa20b169b7320e9641707b1c
                0x200043a1        0x1 C:/Users/BacTV/SimplicityStudio/SDKs/simplicity_sdk//platform/radio/rail_lib/autogen/librail_release/librail_efr32xg24_gcc_release.a(rail_rf_hal.o)
 .bss.sli_rail_08d1a986c4d60bf6ed7ab6ba0f7c8b79
                0x200043a2        0x1 C:/Users/BacTV/SimplicityStudio/SDKs/simplicity_sdk//platform/radio/rail_lib/autogen/librail_release/librail_efr32xg24_gcc_release.a(rail_rf_hal.o)
 .bss.sli_rail_aa9871042d83d383c8f35ed1d86b8c36
                0x200043a3        0x1 C:/Users/BacTV/SimplicityStudio/SDKs/simplicity_sdk//platform/radio/rail_lib/autogen/librail_release/librail_efr32xg24_gcc_release.a(rail_rf_hal.o)
 .bss.sli_rail_788a850e8c59ec185d8b5df36a1937cc
                0x200043a4        0x1 C:/Users/BacTV/SimplicityStudio/SDKs/simplicity_sdk//platform/radio/rail_lib/autogen/librail_release/librail_efr32xg24_gcc_release.a(rail_rf_hal.o)
 .bss.sli_rail_cb8e624e4b8bd09b854e22a3f0daf52a
                0x200043a5        0x1 C:/Users/BacTV/SimplicityStudio/SDKs/simplicity_sdk//platform/radio/rail_lib/autogen/librail_release/librail_efr32xg24_gcc_release.a(rail_ble_rf_hal_cte.o)
 .bss.sli_rail_4f035f7b636407302a73e486ed07742f
                0x200043a6        0x1 C:/Users/BacTV/SimplicityStudio/SDKs/simplicity_sdk//platform/radio/rail_lib/autogen/librail_release/librail_efr32xg24_gcc_release.a(rfhal_pa.o)
                0x200043a6                sli_rail_4f035f7b636407302a73e486ed07742f
 .bss.sli_rail_4faa7d5d81fd9c1006f9e5e2bda93984
                0x200043a7        0x1 C:/Users/BacTV/SimplicityStudio/SDKs/simplicity_sdk//platform/radio/rail_lib/autogen/librail_release/librail_efr32xg24_gcc_release.a(rfhal_pa.o)
 .bss.sli_rail_5140cb7c3d903562f1af973f6b0f27df
                0x200043a8        0x1 C:/Users/BacTV/SimplicityStudio/SDKs/simplicity_sdk//platform/radio/rail_lib/autogen/librail_release/librail_efr32xg24_gcc_release.a(rfhal_pa.o)
 .bss.sli_rail_ca93d10fbac202c6d87c88a8ed8c25d9
                0x200043a9        0x1 C:/Users/BacTV/SimplicityStudio/SDKs/simplicity_sdk//platform/radio/rail_lib/autogen/librail_release/librail_efr32xg24_gcc_release.a(rfhal_pti.o)
 .bss.sli_rail_d44ce05629f0f82a46113aea09cf992c
                0x200043aa        0x1 C:/Users/BacTV/SimplicityStudio/SDKs/simplicity_sdk//platform/radio/rail_lib/autogen/librail_release/librail_efr32xg24_gcc_release.a(rfhal_pti.o)
 .bss.sli_rail_e557063ab17d1848a26f3a64413bbbf6
                0x200043ab        0x8 C:/Users/BacTV/SimplicityStudio/SDKs/simplicity_sdk//platform/radio/rail_lib/autogen/librail_release/librail_efr32xg24_gcc_release.a(rfhal_protimer.o)
                0x200043ab                sli_rail_e557063ab17d1848a26f3a64413bbbf6
 .bss.sli_rail_0d06f1ee4ad18ea63440e3dab85db2cd
                0x200043b3        0x1 C:/Users/BacTV/SimplicityStudio/SDKs/simplicity_sdk//platform/radio/rail_lib/autogen/librail_release/librail_efr32xg24_gcc_release.a(rfhal_protimer.o)
 .bss.sli_rail_d2f56d0b43bc3d2c7616d3d11662d59b
                0x200043b4        0x1 C:/Users/BacTV/SimplicityStudio/SDKs/simplicity_sdk//platform/radio/rail_lib/autogen/librail_release/librail_efr32xg24_gcc_release.a(rfhal_radio.o)
 .bss.sli_rail_3afeac5da3f1a30165bcfb5058815135
                0x200043b5        0x1 C:/Users/BacTV/SimplicityStudio/SDKs/simplicity_sdk//platform/radio/rail_lib/autogen/librail_release/librail_efr32xg24_gcc_release.a(rfhal_rfeca.o)
 .bss.sli_rail_6cf2f9197fb5f6edf13161a4a83566f7
                0x200043b6        0x1 C:/Users/BacTV/SimplicityStudio/SDKs/simplicity_sdk//platform/radio/rail_lib/autogen/librail_release/librail_efr32xg24_gcc_release.a(rfhal_mailbox.o)
                0x200043b6                sli_rail_6cf2f9197fb5f6edf13161a4a83566f7
 .bss.sli_rail_12069b73fc4ad22f7e0efeeaf4d72db1
                0x200043b7        0x2 C:/Users/BacTV/SimplicityStudio/SDKs/simplicity_sdk//platform/radio/rail_lib/autogen/librail_release/librail_efr32xg24_gcc_release.a(generic_phy.o)
 .bss.sli_rail_e6aee15ae7814f2f54e328c05aba128b
                0x200043b9        0x1 C:/Users/BacTV/SimplicityStudio/SDKs/simplicity_sdk//platform/radio/rail_lib/autogen/librail_release/librail_efr32xg24_gcc_release.a(generic_phy.o)
 .bss.sli_rail_040353de6a60303cbe8462a9a7e732b2
                0x200043ba        0x1 C:/Users/BacTV/SimplicityStudio/SDKs/simplicity_sdk//platform/radio/rail_lib/autogen/librail_release/librail_efr32xg24_gcc_release.a(generic_phy.o)
                0x200043ba                sli_rail_040353de6a60303cbe8462a9a7e732b2